Archive member included to satisfy reference by file (symbol)

c:/users/lazab/appdata/roaming/code/user/globalstorage/bmd.stm32-for-vscode/@xpack-dev-tools/arm-none-eabi-gcc/11.3.1-1.1.2/.content/bin/../lib/gcc/arm-none-eabi/11.3.1/../../../../arm-none-eabi/lib/thumb/v7e-m+fp/hard\libc_nano.a(libc_a-atexit.o)
                              c:/users/lazab/appdata/roaming/code/user/globalstorage/bmd.stm32-for-vscode/@xpack-dev-tools/arm-none-eabi-gcc/11.3.1-1.1.2/.content/bin/../lib/gcc/arm-none-eabi/11.3.1/../../../../arm-none-eabi/lib/thumb/v7e-m+fp/hard/crt0.o (atexit)
c:/users/lazab/appdata/roaming/code/user/globalstorage/bmd.stm32-for-vscode/@xpack-dev-tools/arm-none-eabi-gcc/11.3.1-1.1.2/.content/bin/../lib/gcc/arm-none-eabi/11.3.1/../../../../arm-none-eabi/lib/thumb/v7e-m+fp/hard\libc_nano.a(libc_a-exit.o)
                              c:/users/lazab/appdata/roaming/code/user/globalstorage/bmd.stm32-for-vscode/@xpack-dev-tools/arm-none-eabi-gcc/11.3.1-1.1.2/.content/bin/../lib/gcc/arm-none-eabi/11.3.1/../../../../arm-none-eabi/lib/thumb/v7e-m+fp/hard/crt0.o (exit)
c:/users/lazab/appdata/roaming/code/user/globalstorage/bmd.stm32-for-vscode/@xpack-dev-tools/arm-none-eabi-gcc/11.3.1-1.1.2/.content/bin/../lib/gcc/arm-none-eabi/11.3.1/../../../../arm-none-eabi/lib/thumb/v7e-m+fp/hard\libc_nano.a(libc_a-findfp.o)
                              c:/users/lazab/appdata/roaming/code/user/globalstorage/bmd.stm32-for-vscode/@xpack-dev-tools/arm-none-eabi-gcc/11.3.1-1.1.2/.content/bin/../lib/gcc/arm-none-eabi/11.3.1/../../../../arm-none-eabi/lib/thumb/v7e-m+fp/hard\libc_nano.a(libc_a-exit.o) (__stdio_exit_handler)
c:/users/lazab/appdata/roaming/code/user/globalstorage/bmd.stm32-for-vscode/@xpack-dev-tools/arm-none-eabi-gcc/11.3.1-1.1.2/.content/bin/../lib/gcc/arm-none-eabi/11.3.1/../../../../arm-none-eabi/lib/thumb/v7e-m+fp/hard\libc_nano.a(libc_a-fwalk.o)
                              c:/users/lazab/appdata/roaming/code/user/globalstorage/bmd.stm32-for-vscode/@xpack-dev-tools/arm-none-eabi-gcc/11.3.1-1.1.2/.content/bin/../lib/gcc/arm-none-eabi/11.3.1/../../../../arm-none-eabi/lib/thumb/v7e-m+fp/hard\libc_nano.a(libc_a-findfp.o) (_fwalk_sglue)
c:/users/lazab/appdata/roaming/code/user/globalstorage/bmd.stm32-for-vscode/@xpack-dev-tools/arm-none-eabi-gcc/11.3.1-1.1.2/.content/bin/../lib/gcc/arm-none-eabi/11.3.1/../../../../arm-none-eabi/lib/thumb/v7e-m+fp/hard\libc_nano.a(libc_a-stdio.o)
                              c:/users/lazab/appdata/roaming/code/user/globalstorage/bmd.stm32-for-vscode/@xpack-dev-tools/arm-none-eabi-gcc/11.3.1-1.1.2/.content/bin/../lib/gcc/arm-none-eabi/11.3.1/../../../../arm-none-eabi/lib/thumb/v7e-m+fp/hard\libc_nano.a(libc_a-findfp.o) (__sread)
c:/users/lazab/appdata/roaming/code/user/globalstorage/bmd.stm32-for-vscode/@xpack-dev-tools/arm-none-eabi-gcc/11.3.1-1.1.2/.content/bin/../lib/gcc/arm-none-eabi/11.3.1/../../../../arm-none-eabi/lib/thumb/v7e-m+fp/hard\libc_nano.a(libc_a-memset.o)
                              c:/users/lazab/appdata/roaming/code/user/globalstorage/bmd.stm32-for-vscode/@xpack-dev-tools/arm-none-eabi-gcc/11.3.1-1.1.2/.content/bin/../lib/gcc/arm-none-eabi/11.3.1/../../../../arm-none-eabi/lib/thumb/v7e-m+fp/hard/crt0.o (memset)
c:/users/lazab/appdata/roaming/code/user/globalstorage/bmd.stm32-for-vscode/@xpack-dev-tools/arm-none-eabi-gcc/11.3.1-1.1.2/.content/bin/../lib/gcc/arm-none-eabi/11.3.1/../../../../arm-none-eabi/lib/thumb/v7e-m+fp/hard\libc_nano.a(libc_a-closer.o)
                              c:/users/lazab/appdata/roaming/code/user/globalstorage/bmd.stm32-for-vscode/@xpack-dev-tools/arm-none-eabi-gcc/11.3.1-1.1.2/.content/bin/../lib/gcc/arm-none-eabi/11.3.1/../../../../arm-none-eabi/lib/thumb/v7e-m+fp/hard\libc_nano.a(libc_a-stdio.o) (_close_r)
c:/users/lazab/appdata/roaming/code/user/globalstorage/bmd.stm32-for-vscode/@xpack-dev-tools/arm-none-eabi-gcc/11.3.1-1.1.2/.content/bin/../lib/gcc/arm-none-eabi/11.3.1/../../../../arm-none-eabi/lib/thumb/v7e-m+fp/hard\libc_nano.a(libc_a-reent.o)
                              c:/users/lazab/appdata/roaming/code/user/globalstorage/bmd.stm32-for-vscode/@xpack-dev-tools/arm-none-eabi-gcc/11.3.1-1.1.2/.content/bin/../lib/gcc/arm-none-eabi/11.3.1/../../../../arm-none-eabi/lib/thumb/v7e-m+fp/hard\libc_nano.a(libc_a-closer.o) (errno)
c:/users/lazab/appdata/roaming/code/user/globalstorage/bmd.stm32-for-vscode/@xpack-dev-tools/arm-none-eabi-gcc/11.3.1-1.1.2/.content/bin/../lib/gcc/arm-none-eabi/11.3.1/../../../../arm-none-eabi/lib/thumb/v7e-m+fp/hard\libc_nano.a(libc_a-impure.o)
                              c:/users/lazab/appdata/roaming/code/user/globalstorage/bmd.stm32-for-vscode/@xpack-dev-tools/arm-none-eabi-gcc/11.3.1-1.1.2/.content/bin/../lib/gcc/arm-none-eabi/11.3.1/../../../../arm-none-eabi/lib/thumb/v7e-m+fp/hard\libc_nano.a(libc_a-reent.o) (_impure_ptr)
[...]
Memory Configuration

Name             Origin             Length             Attributes
RAM              0x0000000020000000 0x0000000000010000 xrw
FLASH            0x0000000008000000 0x0000000000040000 xr
*default*        0x0000000000000000 0xffffffffffffffff

Linker script and memory map

LOAD c:/users/lazab/appdata/roaming/code/user/globalstorage/bmd.stm32-for-vscode/@xpack-dev-tools/arm-none-eabi-gcc/11.3.1-1.1.2/.content/bin/../lib/gcc/arm-none-eabi/11.3.1/thumb/v7e-m+fp/hard/crti.o
LOAD c:/users/lazab/appdata/roaming/code/user/globalstorage/bmd.stm32-for-vscode/@xpack-dev-tools/arm-none-eabi-gcc/11.3.1-1.1.2/.content/bin/../lib/gcc/arm-none-eabi/11.3.1/thumb/v7e-m+fp/hard/crtbegin.o
LOAD c:/users/lazab/appdata/roaming/code/user/globalstorage/bmd.stm32-for-vscode/@xpack-dev-tools/arm-none-eabi-gcc/11.3.1-1.1.2/.content/bin/../lib/gcc/arm-none-eabi/11.3.1/../../../../arm-none-eabi/lib/thumb/v7e-m+fp/hard/crt0.o
LOAD build/freertos.o
LOAD build/main.o
LOAD build/stm32f4xx_hal_msp.o
LOAD build/stm32f4xx_it.o
LOAD build/system_stm32f4xx.o
LOAD build/stm32f4xx_hal.o
LOAD build/stm32f4xx_hal_cortex.o
LOAD build/stm32f4xx_hal_dma.o
LOAD build/stm32f4xx_hal_dma_ex.o
LOAD build/stm32f4xx_hal_exti.o
LOAD build/stm32f4xx_hal_flash.o
LOAD build/stm32f4xx_hal_flash_ex.o
LOAD build/stm32f4xx_hal_flash_ramfunc.o
LOAD build/stm32f4xx_hal_gpio.o
LOAD build/stm32f4xx_hal_pwr.o
LOAD build/stm32f4xx_hal_pwr_ex.o
LOAD build/stm32f4xx_hal_rcc.o
LOAD build/stm32f4xx_hal_rcc_ex.o
LOAD build/stm32f4xx_hal_tim.o
LOAD build/stm32f4xx_hal_tim_ex.o
LOAD build/cmsis_os2.o
LOAD build/croutine.o
LOAD build/event_groups.o
LOAD build/list.o
LOAD build/port.o
LOAD build/heap_4.o
LOAD build/queue.o
LOAD build/stream_buffer.o
LOAD build/tasks.o
LOAD build/timers.o
LOAD build/startup_stm32f401xc.o
LOAD c:/users/lazab/appdata/roaming/code/user/globalstorage/bmd.stm32-for-vscode/@xpack-dev-tools/arm-none-eabi-gcc/11.3.1-1.1.2/.content/bin/../lib/gcc/arm-none-eabi/11.3.1/../../../../arm-none-eabi/lib/thumb/v7e-m+fp/hard\libc_nano.a
LOAD c:/users/lazab/appdata/roaming/code/user/globalstorage/bmd.stm32-for-vscode/@xpack-dev-tools/arm-none-eabi-gcc/11.3.1-1.1.2/.content/bin/../lib/gcc/arm-none-eabi/11.3.1/../../../../arm-none-eabi/lib/thumb/v7e-m+fp/hard\libm.a
LOAD c:/users/lazab/appdata/roaming/code/user/globalstorage/bmd.stm32-for-vscode/@xpack-dev-tools/arm-none-eabi-gcc/11.3.1-1.1.2/.content/bin/../lib/gcc/arm-none-eabi/11.3.1/../../../../arm-none-eabi/lib/thumb/v7e-m+fp/hard\libnosys.a
START GROUP
LOAD c:/users/lazab/appdata/roaming/code/user/globalstorage/bmd.stm32-for-vscode/@xpack-dev-tools/arm-none-eabi-gcc/11.3.1-1.1.2/.content/bin/../lib/gcc/arm-none-eabi/11.3.1/thumb/v7e-m+fp/hard\libgcc.a
LOAD c:/users/lazab/appdata/roaming/code/user/globalstorage/bmd.stm32-for-vscode/@xpack-dev-tools/arm-none-eabi-gcc/11.3.1-1.1.2/.content/bin/../lib/gcc/arm-none-eabi/11.3.1/../../../../arm-none-eabi/lib/thumb/v7e-m+fp/hard\libc_nano.a
END GROUP
START GROUP
LOAD c:/users/lazab/appdata/roaming/code/user/globalstorage/bmd.stm32-for-vscode/@xpack-dev-tools/arm-none-eabi-gcc/11.3.1-1.1.2/.content/bin/../lib/gcc/arm-none-eabi/11.3.1/thumb/v7e-m+fp/hard\libgcc.a
LOAD c:/users/lazab/appdata/roaming/code/user/globalstorage/bmd.stm32-for-vscode/@xpack-dev-tools/arm-none-eabi-gcc/11.3.1-1.1.2/.content/bin/../lib/gcc/arm-none-eabi/11.3.1/../../../../arm-none-eabi/lib/thumb/v7e-m+fp/hard\libc_nano.a
END GROUP
LOAD c:/users/lazab/appdata/roaming/code/user/globalstorage/bmd.stm32-for-vscode/@xpack-dev-tools/arm-none-eabi-gcc/11.3.1-1.1.2/.content/bin/../lib/gcc/arm-none-eabi/11.3.1/thumb/v7e-m+fp/hard/crtend.o
LOAD c:/users/lazab/appdata/roaming/code/user/globalstorage/bmd.stm32-for-vscode/@xpack-dev-tools/arm-none-eabi-gcc/11.3.1-1.1.2/.content/bin/../lib/gcc/arm-none-eabi/11.3.1/thumb/v7e-m+fp/hard/crtn.o
                0x0000000020010000                _estack = 0x20010000
                0x0000000000000200                _Min_Heap_Size = 0x200
                0x0000000000000400                _Min_Stack_Size = 0x400

.isr_vector     0x0000000008000000      0x194
                0x0000000008000000                . = ALIGN (0x4)
 *(.isr_vector)
 .isr_vector    0x0000000008000000      0x194 build/startup_stm32f401xc.o
                0x0000000008000000                g_pfnVectors
                0x0000000008000194                . = ALIGN (0x4)

.text           0x00000000080001a0     0x2a58
                0x00000000080001a0                . = ALIGN (0x4)
 *(.text)
 .text          0x00000000080001a0       0x30 c:/users/lazab/appdata/roaming/code/user/globalstorage/bmd.stm32-for-vscode/@xpack-dev-tools/arm-none-eabi-gcc/11.3.1-1.1.2/.content/bin/../lib/gcc/arm-none-eabi/11.3.1/thumb/v7e-m+fp/hard\libgcc.a(_aeabi_uldivmod.o)
                0x00000000080001a0                __aeabi_uldivmod
 .text          0x00000000080001d0        0x4 c:/users/lazab/appdata/roaming/code/user/globalstorage/bmd.stm32-for-vscode/@xpack-dev-tools/arm-none-eabi-gcc/11.3.1-1.1.2/.content/bin/../lib/gcc/arm-none-eabi/11.3.1/thumb/v7e-m+fp/hard\libgcc.a(_dvmd_tls.o)
                0x00000000080001d0                __aeabi_idiv0
                0x00000000080001d0                __aeabi_ldiv0
 *(.text*)
 .text.__do_global_dtors_aux
                0x00000000080001d4       0x24 c:/users/lazab/appdata/roaming/code/user/globalstorage/bmd.stm32-for-vscode/@xpack-dev-tools/arm-none-eabi-gcc/11.3.1-1.1.2/.content/bin/../lib/gcc/arm-none-eabi/11.3.1/thumb/v7e-m+fp/hard/crtbegin.o
 .text.frame_dummy
                0x00000000080001f8       0x1c c:/users/lazab/appdata/roaming/code/user/globalstorage/bmd.stm32-for-vscode/@xpack-dev-tools/arm-none-eabi-gcc/11.3.1-1.1.2/.content/bin/../lib/gcc/arm-none-eabi/11.3.1/thumb/v7e-m+fp/hard/crtbegin.o
 .text.led_indicator
                0x0000000008000214       0x30 build/main.o
                0x0000000008000214                led_indicator
 .text.MX_GPIO_Init
                0x0000000008000244       0x80 build/main.o
 .text.Error_Handler
                0x00000000080002c4        0x4 build/main.o
                0x00000000080002c4                Error_Handler
 .text.SystemClock_Config
                0x00000000080002c8       0x8c build/main.o
                0x00000000080002c8                SystemClock_Config
 .text.main     0x0000000008000354       0x30 build/main.o
                0x0000000008000354                main
 .text.HAL_MspInit
                0x0000000008000384       0x44 build/stm32f4xx_hal_msp.o
                0x0000000008000384                HAL_MspInit
 .text.NMI_Handler
                0x00000000080003c8        0x2 build/stm32f4xx_it.o
                0x00000000080003c8                NMI_Handler
 .text.HardFault_Handler
                0x00000000080003ca        0x2 build/stm32f4xx_it.o
                0x00000000080003ca                HardFault_Handler
 .text.MemManage_Handler
                0x00000000080003cc        0x2 build/stm32f4xx_it.o
                0x00000000080003cc                MemManage_Handler
 .text.BusFault_Handler
                0x00000000080003ce        0x2 build/stm32f4xx_it.o
                0x00000000080003ce                BusFault_Handler
 .text.UsageFault_Handler
                0x00000000080003d0        0x2 build/stm32f4xx_it.o
                0x00000000080003d0                UsageFault_Handler
 .text.DebugMon_Handler
                0x00000000080003d2        0x2 build/stm32f4xx_it.o
                0x00000000080003d2                DebugMon_Handler
 .text.SysTick_Handler
                0x00000000080003d4       0x16 build/stm32f4xx_it.o
                0x00000000080003d4                SysTick_Handler
 *fill*         0x00000000080003ea        0x2 
 .text.SystemInit
                0x00000000080003ec       0x1c build/system_stm32f4xx.o
                0x00000000080003ec                SystemInit
 .text.HAL_InitTick
                0x0000000008000408       0x4c build/stm32f4xx_hal.o
                0x0000000008000408                HAL_InitTick
 .text.HAL_Init
                0x0000000008000454       0x34 build/stm32f4xx_hal.o
                0x0000000008000454                HAL_Init
 .text.HAL_IncTick
                0x0000000008000488       0x18 build/stm32f4xx_hal.o
                0x0000000008000488                HAL_IncTick
 .text.HAL_GetTick
                0x00000000080004a0        0xc build/stm32f4xx_hal.o
                0x00000000080004a0                HAL_GetTick
 .text.HAL_NVIC_SetPriorityGrouping
                0x00000000080004ac       0x24 build/stm32f4xx_hal_cortex.o
                0x00000000080004ac                HAL_NVIC_SetPriorityGrouping
 .text.HAL_NVIC_SetPriority
                0x00000000080004d0       0x70 build/stm32f4xx_hal_cortex.o
                0x00000000080004d0                HAL_NVIC_SetPriority
 .text.HAL_SYSTICK_Config
                0x0000000008000540       0x28 build/stm32f4xx_hal_cortex.o
                0x0000000008000540                HAL_SYSTICK_Config
 .text.HAL_GPIO_Init
                0x0000000008000568      0x1ac build/stm32f4xx_hal_gpio.o
                0x0000000008000568                HAL_GPIO_Init
 .text.HAL_GPIO_WritePin
                0x0000000008000714        0xc build/stm32f4xx_hal_gpio.o
                0x0000000008000714                HAL_GPIO_WritePin
 .text.HAL_RCC_OscConfig
                0x0000000008000720      0x3ec build/stm32f4xx_hal_rcc.o
                0x0000000008000720                HAL_RCC_OscConfig
 .text.HAL_RCC_GetSysClockFreq
                0x0000000008000b0c       0xa8 build/stm32f4xx_hal_rcc.o
                0x0000000008000b0c                HAL_RCC_GetSysClockFreq
 .text.HAL_RCC_ClockConfig
                0x0000000008000bb4      0x160 build/stm32f4xx_hal_rcc.o
                0x0000000008000bb4                HAL_RCC_ClockConfig
 .text.vApplicationGetIdleTaskMemory
                0x0000000008000d14       0x18 build/cmsis_os2.o
                0x0000000008000d14                vApplicationGetIdleTaskMemory
 .text.vApplicationGetTimerTaskMemory
                0x0000000008000d2c       0x18 build/cmsis_os2.o
                0x0000000008000d2c                vApplicationGetTimerTaskMemory
 .text.vListInitialise
                0x0000000008000d44       0x16 build/list.o
                0x0000000008000d44                vListInitialise
 .text.vListInitialiseItem
                0x0000000008000d5a        0x6 build/list.o
                0x0000000008000d5a                vListInitialiseItem
 .text.vListInsertEnd
                0x0000000008000d60       0x16 build/list.o
                0x0000000008000d60                vListInsertEnd
 .text.vListInsert
                0x0000000008000d76       0x32 build/list.o
                0x0000000008000d76                vListInsert
 .text.uxListRemove
                0x0000000008000da8       0x26 build/list.o
                0x0000000008000da8                uxListRemove
 *fill*         0x0000000008000dce        0x2 
 .text.prvTaskExitError
                0x0000000008000dd0       0x40 build/port.o
 .text.prvPortStartFirstTask
                0x0000000008000e10       0x28 build/port.o
 .text.vPortEnableVFP
                0x0000000008000e38       0x14 build/port.o
 .text.pxPortInitialiseStack
                0x0000000008000e4c       0x2c build/port.o
                0x0000000008000e4c                pxPortInitialiseStack
 *fill*         0x0000000008000e78        0x8 
 .text.SVC_Handler
                0x0000000008000e80       0x24 build/port.o
                0x0000000008000e80                SVC_Handler
 .text.vPortEnterCritical
                0x0000000008000ea4       0x44 build/port.o
                0x0000000008000ea4                vPortEnterCritical
 .text.vPortExitCritical
                0x0000000008000ee8       0x2c build/port.o
                0x0000000008000ee8                vPortExitCritical
 *fill*         0x0000000008000f14        0xc 
 .text.PendSV_Handler
                0x0000000008000f20       0x64 build/port.o
                0x0000000008000f20                PendSV_Handler
 .text.xPortSysTickHandler
                0x0000000008000f84       0x2c build/port.o
                0x0000000008000f84                xPortSysTickHandler
 .text.vPortSetupTimerInterrupt
                0x0000000008000fb0       0x28 build/port.o
                0x0000000008000fb0                vPortSetupTimerInterrupt
 .text.xPortStartScheduler
                0x0000000008000fd8      0x118 build/port.o
                0x0000000008000fd8                xPortStartScheduler
 .text.vPortValidateInterruptPriority
                0x00000000080010f0       0x5c build/port.o
                0x00000000080010f0                vPortValidateInterruptPriority
 .text.prvHeapInit
                0x000000000800114c       0x64 build/heap_4.o
 .text.prvInsertBlockIntoFreeList
                0x00000000080011b0       0x64 build/heap_4.o
 .text.pvPortMalloc
                0x0000000008001214       0xf0 build/heap_4.o
                0x0000000008001214                pvPortMalloc
 .text.vPortFree
                0x0000000008001304       0x70 build/heap_4.o
                0x0000000008001304                vPortFree
 .text.prvIsQueueFull
                0x0000000008001374       0x1e build/queue.o
 .text.prvIsQueueEmpty
                0x0000000008001392       0x1a build/queue.o
 .text.prvCopyDataToQueue
                0x00000000080013ac       0x76 build/queue.o
 .text.prvCopyDataFromQueue
                0x0000000008001422       0x24 build/queue.o
 .text.prvUnlockQueue
                0x0000000008001446       0x6e build/queue.o
 .text.xQueueGenericReset
                0x00000000080014b4       0x84 build/queue.o
                0x00000000080014b4                xQueueGenericReset
 .text.prvInitialiseNewQueue
                0x0000000008001538       0x22 build/queue.o
 .text.xQueueGenericCreateStatic
                0x000000000800155a       0x94 build/queue.o
                0x000000000800155a                xQueueGenericCreateStatic
 .text.xQueueGenericSend
                0x00000000080015ee      0x188 build/queue.o
                0x00000000080015ee                xQueueGenericSend
 .text.xQueueGenericSendFromISR
                0x0000000008001776       0xcc build/queue.o
                0x0000000008001776                xQueueGenericSendFromISR
 .text.xQueueReceive
                0x0000000008001842      0x15e build/queue.o
                0x0000000008001842                xQueueReceive
 .text.vQueueAddToRegistry
                0x00000000080019a0       0x28 build/queue.o
                0x00000000080019a0                vQueueAddToRegistry
 .text.vQueueWaitForMessageRestricted
                0x00000000080019c8       0x52 build/queue.o
                0x00000000080019c8                vQueueWaitForMessageRestricted
 *fill*         0x0000000008001a1a        0x2 
 .text.prvResetNextTaskUnblockTime
                0x0000000008001a1c       0x2c build/tasks.o
 .text.prvInitialiseNewTask
                0x0000000008001a48       0xa2 build/tasks.o
 *fill*         0x0000000008001aea        0x2 
 .text.prvInitialiseTaskLists
                0x0000000008001aec       0x68 build/tasks.o
 .text.prvAddNewTaskToReadyList
                0x0000000008001b54       0xac build/tasks.o
 .text.prvDeleteTCB
                0x0000000008001c00       0x38 build/tasks.o
 .text.prvCheckTasksWaitingTermination
                0x0000000008001c38       0x4c build/tasks.o
 .text.prvIdleTask
                0x0000000008001c84       0x28 build/tasks.o
 .text.prvAddCurrentTaskToDelayedList
                0x0000000008001cac       0x7c build/tasks.o
 .text.xTaskCreateStatic
                0x0000000008001d28       0x76 build/tasks.o
                0x0000000008001d28                xTaskCreateStatic
 .text.xTaskCreate
                0x0000000008001d9e       0x68 build/tasks.o
                0x0000000008001d9e                xTaskCreate
 *fill*         0x0000000008001e06        0x2 
 .text.vTaskStartScheduler
                0x0000000008001e08       0x9c build/tasks.o
                0x0000000008001e08                vTaskStartScheduler
 .text.vTaskSuspendAll
                0x0000000008001ea4       0x10 build/tasks.o
                0x0000000008001ea4                vTaskSuspendAll
 .text.xTaskGetTickCount
                0x0000000008001eb4        0xc build/tasks.o
                0x0000000008001eb4                xTaskGetTickCount
 .text.xTaskIncrementTick
                0x0000000008001ec0      0x118 build/tasks.o
                0x0000000008001ec0                xTaskIncrementTick
 .text.xTaskResumeAll
                0x0000000008001fd8       0xf8 build/tasks.o
                0x0000000008001fd8                xTaskResumeAll
 .text.vTaskDelay
                0x00000000080020d0       0x4c build/tasks.o
                0x00000000080020d0                vTaskDelay
 .text.vTaskSwitchContext
                0x000000000800211c       0x94 build/tasks.o
                0x000000000800211c                vTaskSwitchContext
 .text.vTaskPlaceOnEventList
                0x00000000080021b0       0x30 build/tasks.o
                0x00000000080021b0                vTaskPlaceOnEventList
 .text.vTaskPlaceOnEventListRestricted
                0x00000000080021e0       0x38 build/tasks.o
                0x00000000080021e0                vTaskPlaceOnEventListRestricted
 .text.xTaskRemoveFromEventList
                0x0000000008002218       0x8c build/tasks.o
                0x0000000008002218                xTaskRemoveFromEventList
 .text.vTaskInternalSetTimeOutState
                0x00000000080022a4       0x18 build/tasks.o
                0x00000000080022a4                vTaskInternalSetTimeOutState
 .text.xTaskCheckForTimeOut
                0x00000000080022bc       0x84 build/tasks.o
                0x00000000080022bc                xTaskCheckForTimeOut
 .text.vTaskMissedYield
                0x0000000008002340        0xc build/tasks.o
                0x0000000008002340                vTaskMissedYield
 .text.xTaskGetSchedulerState
                0x000000000800234c       0x20 build/tasks.o
                0x000000000800234c                xTaskGetSchedulerState
 .text.xTaskPriorityDisinherit
                0x000000000800236c       0x90 build/tasks.o
                0x000000000800236c                xTaskPriorityDisinherit
 .text.prvGetNextExpireTime
                0x00000000080023fc       0x20 build/timers.o
 .text.prvInsertTimerInActiveList
                0x000000000800241c       0x48 build/timers.o
 .text.prvCheckForValidListAndQueue
                0x0000000008002464       0x70 build/timers.o
 .text.xTimerCreateTimerTask
                0x00000000080024d4       0x64 build/timers.o
                0x00000000080024d4                xTimerCreateTimerTask
 .text.xTimerGenericCommand
                0x0000000008002538       0x6c build/timers.o
                0x0000000008002538                xTimerGenericCommand
 .text.prvSwitchTimerLists
                0x00000000080025a4       0x7c build/timers.o
 .text.prvSampleTimeNow
                0x0000000008002620       0x2c build/timers.o
 .text.prvProcessExpiredTimer
                0x000000000800264c       0x6c build/timers.o
 .text.prvProcessTimerOrBlockTask
                0x00000000080026b8       0x74 build/timers.o
 .text.prvProcessReceivedCommands
                0x000000000800272c      0x10c build/timers.o
 .text.prvTimerTask
                0x0000000008002838       0x16 build/timers.o
 *fill*         0x000000000800284e        0x2 
 .text.Reset_Handler
                0x0000000008002850       0x50 build/startup_stm32f401xc.o
                0x0000000008002850                Reset_Handler
 .text.Default_Handler
                0x00000000080028a0        0x2 build/startup_stm32f401xc.o
                0x00000000080028a0                RTC_Alarm_IRQHandler
                0x00000000080028a0                EXTI2_IRQHandler
                0x00000000080028a0                SPI4_IRQHandler
                0x00000000080028a0                TIM1_CC_IRQHandler
                0x00000000080028a0                DMA2_Stream5_IRQHandler
                0x00000000080028a0                DMA1_Stream5_IRQHandler
                0x00000000080028a0                PVD_IRQHandler
                0x00000000080028a0                SDIO_IRQHandler
                0x00000000080028a0                TAMP_STAMP_IRQHandler
                0x00000000080028a0                EXTI3_IRQHandler
                0x00000000080028a0                TIM1_UP_TIM10_IRQHandler
                0x00000000080028a0                I2C3_ER_IRQHandler
                0x00000000080028a0                EXTI0_IRQHandler
                0x00000000080028a0                I2C2_EV_IRQHandler
                0x00000000080028a0                DMA1_Stream2_IRQHandler
                0x00000000080028a0                FPU_IRQHandler
                0x00000000080028a0                DMA2_Stream2_IRQHandler
                0x00000000080028a0                SPI1_IRQHandler
                0x00000000080028a0                TIM1_BRK_TIM9_IRQHandler
                0x00000000080028a0                DMA2_Stream3_IRQHandler
                0x00000000080028a0                USART6_IRQHandler
                0x00000000080028a0                DMA2_Stream0_IRQHandler
                0x00000000080028a0                TIM4_IRQHandler
                0x00000000080028a0                I2C1_EV_IRQHandler
                0x00000000080028a0                DMA1_Stream6_IRQHandler
                0x00000000080028a0                DMA1_Stream1_IRQHandler
                0x00000000080028a0                TIM3_IRQHandler
                0x00000000080028a0                RCC_IRQHandler
                0x00000000080028a0                Default_Handler
                0x00000000080028a0                EXTI15_10_IRQHandler
                0x00000000080028a0                ADC_IRQHandler
                0x00000000080028a0                DMA1_Stream7_IRQHandler
                0x00000000080028a0                TIM5_IRQHandler
                0x00000000080028a0                DMA2_Stream7_IRQHandler
                0x00000000080028a0                I2C3_EV_IRQHandler
                0x00000000080028a0                EXTI9_5_IRQHandler
                0x00000000080028a0                RTC_WKUP_IRQHandler
                0x00000000080028a0                SPI2_IRQHandler
                0x00000000080028a0                DMA1_Stream0_IRQHandler
                0x00000000080028a0                EXTI4_IRQHandler
                0x00000000080028a0                WWDG_IRQHandler
                0x00000000080028a0                TIM2_IRQHandler
                0x00000000080028a0                OTG_FS_WKUP_IRQHandler
                0x00000000080028a0                TIM1_TRG_COM_TIM11_IRQHandler
                0x00000000080028a0                EXTI1_IRQHandler
                0x00000000080028a0                USART2_IRQHandler
                0x00000000080028a0                I2C2_ER_IRQHandler
                0x00000000080028a0                DMA2_Stream1_IRQHandler
                0x00000000080028a0                FLASH_IRQHandler
                0x00000000080028a0                DMA2_Stream4_IRQHandler
                0x00000000080028a0                USART1_IRQHandler
                0x00000000080028a0                OTG_FS_IRQHandler
                0x00000000080028a0                SPI3_IRQHandler
                0x00000000080028a0                DMA1_Stream4_IRQHandler
                0x00000000080028a0                I2C1_ER_IRQHandler
                0x00000000080028a0                DMA2_Stream6_IRQHandler
                0x00000000080028a0                DMA1_Stream3_IRQHandler
 .text.memset   0x00000000080028a2       0x10 c:/users/lazab/appdata/roaming/code/user/globalstorage/bmd.stm32-for-vscode/@xpack-dev-tools/arm-none-eabi-gcc/11.3.1-1.1.2/.content/bin/../lib/gcc/arm-none-eabi/11.3.1/../../../../arm-none-eabi/lib/thumb/v7e-m+fp/hard\libc_nano.a(libc_a-memset.o)
                0x00000000080028a2                memset
 *fill*         0x00000000080028b2        0x2 
 .text.__libc_init_array
                0x00000000080028b4       0x48 c:/users/lazab/appdata/roaming/code/user/globalstorage/bmd.stm32-for-vscode/@xpack-dev-tools/arm-none-eabi-gcc/11.3.1-1.1.2/.content/bin/../lib/gcc/arm-none-eabi/11.3.1/../../../../arm-none-eabi/lib/thumb/v7e-m+fp/hard\libc_nano.a(libc_a-init.o)
                0x00000000080028b4                __libc_init_array
 .text.memcpy   0x00000000080028fc       0x1c c:/users/lazab/appdata/roaming/code/user/globalstorage/bmd.stm32-for-vscode/@xpack-dev-tools/arm-none-eabi-gcc/11.3.1-1.1.2/.content/bin/../lib/gcc/arm-none-eabi/11.3.1/../../../../arm-none-eabi/lib/thumb/v7e-m+fp/hard\libc_nano.a(libc_a-memcpy-stub.o)
                0x00000000080028fc                memcpy
 .text.__udivmoddi4
                0x0000000008002918      0x2c8 c:/users/lazab/appdata/roaming/code/user/globalstorage/bmd.stm32-for-vscode/@xpack-dev-tools/arm-none-eabi-gcc/11.3.1-1.1.2/.content/bin/../lib/gcc/arm-none-eabi/11.3.1/thumb/v7e-m+fp/hard\libgcc.a(_udivmoddi4.o)
                0x0000000008002918                __udivmoddi4
 *(.glue_7)
 .glue_7        0x0000000008002be0        0x0 linker stubs
 *(.glue_7t)
 .glue_7t       0x0000000008002be0        0x0 linker stubs
 *(.eh_frame)
 .eh_frame      0x0000000008002be0        0x0 c:/users/lazab/appdata/roaming/code/user/globalstorage/bmd.stm32-for-vscode/@xpack-dev-tools/arm-none-eabi-gcc/11.3.1-1.1.2/.content/bin/../lib/gcc/arm-none-eabi/11.3.1/thumb/v7e-m+fp/hard/crtbegin.o
 *(.init)
 .init          0x0000000008002be0        0x4 c:/users/lazab/appdata/roaming/code/user/globalstorage/bmd.stm32-for-vscode/@xpack-dev-tools/arm-none-eabi-gcc/11.3.1-1.1.2/.content/bin/../lib/gcc/arm-none-eabi/11.3.1/thumb/v7e-m+fp/hard/crti.o
                0x0000000008002be0                _init
 .init          0x0000000008002be4        0x8 c:/users/lazab/appdata/roaming/code/user/globalstorage/bmd.stm32-for-vscode/@xpack-dev-tools/arm-none-eabi-gcc/11.3.1-1.1.2/.content/bin/../lib/gcc/arm-none-eabi/11.3.1/thumb/v7e-m+fp/hard/crtn.o
 *(.fini)
 .fini          0x0000000008002bec        0x4 c:/users/lazab/appdata/roaming/code/user/globalstorage/bmd.stm32-for-vscode/@xpack-dev-tools/arm-none-eabi-gcc/11.3.1-1.1.2/.content/bin/../lib/gcc/arm-none-eabi/11.3.1/thumb/v7e-m+fp/hard/crti.o
                0x0000000008002bec                _fini
 .fini          0x0000000008002bf0        0x8 c:/users/lazab/appdata/roaming/code/user/globalstorage/bmd.stm32-for-vscode/@xpack-dev-tools/arm-none-eabi-gcc/11.3.1-1.1.2/.content/bin/../lib/gcc/arm-none-eabi/11.3.1/thumb/v7e-m+fp/hard/crtn.o
                0x0000000008002bf8                . = ALIGN (0x4)
                0x0000000008002bf8                _etext = .

.vfp11_veneer   0x0000000008002bf8        0x0
 .vfp11_veneer  0x0000000008002bf8        0x0 linker stubs

.v4_bx          0x0000000008002bf8        0x0
 .v4_bx         0x0000000008002bf8        0x0 linker stubs

.iplt           0x0000000008002bf8        0x0
 .iplt          0x0000000008002bf8        0x0 c:/users/lazab/appdata/roaming/code/user/globalstorage/bmd.stm32-for-vscode/@xpack-dev-tools/arm-none-eabi-gcc/11.3.1-1.1.2/.content/bin/../lib/gcc/arm-none-eabi/11.3.1/thumb/v7e-m+fp/hard/crtbegin.o

.rodata         0x0000000008002bf8       0x2c
                0x0000000008002bf8                . = ALIGN (0x4)
 *(.rodata)
 *(.rodata*)
 .rodata.main.str1.4
                0x0000000008002bf8        0x4 build/main.o
 .rodata.AHBPrescTable
                0x0000000008002bfc       0x10 build/system_stm32f4xx.o
                0x0000000008002bfc                AHBPrescTable
 .rodata.vTaskStartScheduler.str1.4
                0x0000000008002c0c        0x5 build/tasks.o
 *fill*         0x0000000008002c11        0x3 
 .rodata.prvCheckForValidListAndQueue.str1.4
                0x0000000008002c14        0x5 build/timers.o
 *fill*         0x0000000008002c19        0x3 
 .rodata.xTimerCreateTimerTask.str1.4
                0x0000000008002c1c        0x8 build/timers.o
                0x0000000008002c24                . = ALIGN (0x4)

.ARM.extab
 *(.ARM.extab* .gnu.linkonce.armextab.*)

.ARM            0x0000000008002c24        0x8
                0x0000000008002c24                __exidx_start = .
 *(.ARM.exidx*)
 .ARM.exidx.text.__udivmoddi4
                0x0000000008002c24        0x8 c:/users/lazab/appdata/roaming/code/user/globalstorage/bmd.stm32-for-vscode/@xpack-dev-tools/arm-none-eabi-gcc/11.3.1-1.1.2/.content/bin/../lib/gcc/arm-none-eabi/11.3.1/thumb/v7e-m+fp/hard\libgcc.a(_udivmoddi4.o)
                0x0000000008002c2c                __exidx_end = .

.rel.dyn        0x0000000008002c2c        0x0
 .rel.iplt      0x0000000008002c2c        0x0 c:/users/lazab/appdata/roaming/code/user/globalstorage/bmd.stm32-for-vscode/@xpack-dev-tools/arm-none-eabi-gcc/11.3.1-1.1.2/.content/bin/../lib/gcc/arm-none-eabi/11.3.1/thumb/v7e-m+fp/hard/crtbegin.o

.preinit_array  0x0000000008002c2c        0x0
                0x0000000008002c2c                PROVIDE (__preinit_array_start = .)
 *(.preinit_array*)
                0x0000000008002c2c                PROVIDE (__preinit_array_end = .)

.init_array     0x0000000008002c2c        0x4
                0x0000000008002c2c                PROVIDE (__init_array_start = .)
 *(SORT_BY_NAME(.init_array.*))
 *(.init_array*)
 .init_array    0x0000000008002c2c        0x4 c:/users/lazab/appdata/roaming/code/user/globalstorage/bmd.stm32-for-vscode/@xpack-dev-tools/arm-none-eabi-gcc/11.3.1-1.1.2/.content/bin/../lib/gcc/arm-none-eabi/11.3.1/thumb/v7e-m+fp/hard/crtbegin.o
                0x0000000008002c30                PROVIDE (__init_array_end = .)

.fini_array     0x0000000008002c30        0x4
                0x0000000008002c30                PROVIDE (__fini_array_start = .)
 *(SORT_BY_NAME(.fini_array.*))
 *(.fini_array*)
 .fini_array    0x0000000008002c30        0x4 c:/users/lazab/appdata/roaming/code/user/globalstorage/bmd.stm32-for-vscode/@xpack-dev-tools/arm-none-eabi-gcc/11.3.1-1.1.2/.content/bin/../lib/gcc/arm-none-eabi/11.3.1/thumb/v7e-m+fp/hard/crtbegin.o
                0x0000000008002c34                PROVIDE (__fini_array_end = .)
                0x0000000008002c34                _sidata = LOADADDR (.data)

.data           0x0000000020000000       0x10 load address 0x0000000008002c34
                0x0000000020000000                . = ALIGN (0x4)
                0x0000000020000000                _sdata = .
 *(.data)
 *(.data*)
 .data.SystemCoreClock
                0x0000000020000000        0x4 build/system_stm32f4xx.o
                0x0000000020000000                SystemCoreClock
 .data.uwTickFreq
                0x0000000020000004        0x1 build/stm32f4xx_hal.o
                0x0000000020000004                uwTickFreq
 *fill*         0x0000000020000005        0x3 
 .data.uwTickPrio
                0x0000000020000008        0x4 build/stm32f4xx_hal.o
                0x0000000020000008                uwTickPrio
 .data.uxCriticalNesting
                0x000000002000000c        0x4 build/port.o
                0x0000000020000010                . = ALIGN (0x4)
                0x0000000020000010                _edata = .

.igot.plt       0x0000000020000010        0x0 load address 0x0000000008002c44
 .igot.plt      0x0000000020000010        0x0 c:/users/lazab/appdata/roaming/code/user/globalstorage/bmd.stm32-for-vscode/@xpack-dev-tools/arm-none-eabi-gcc/11.3.1-1.1.2/.content/bin/../lib/gcc/arm-none-eabi/11.3.1/thumb/v7e-m+fp/hard/crtbegin.o
                0x0000000020000010                . = ALIGN (0x4)

.bss            0x0000000020000010     0x4964 load address 0x0000000008002c44
                0x0000000020000010                _sbss = .
                0x0000000020000010                __bss_start__ = _sbss
 *(.bss)
 *(.bss*)
 .bss.completed.1
                0x0000000020000010        0x1 c:/users/lazab/appdata/roaming/code/user/globalstorage/bmd.stm32-for-vscode/@xpack-dev-tools/arm-none-eabi-gcc/11.3.1-1.1.2/.content/bin/../lib/gcc/arm-none-eabi/11.3.1/thumb/v7e-m+fp/hard/crtbegin.o
 *fill*         0x0000000020000011        0x3 
 .bss.object.0  0x0000000020000014       0x18 c:/users/lazab/appdata/roaming/code/user/globalstorage/bmd.stm32-for-vscode/@xpack-dev-tools/arm-none-eabi-gcc/11.3.1-1.1.2/.content/bin/../lib/gcc/arm-none-eabi/11.3.1/thumb/v7e-m+fp/hard/crtbegin.o
 .bss.uwTick    0x000000002000002c        0x4 build/stm32f4xx_hal.o
                0x000000002000002c                uwTick
 .bss.Idle_Stack
                0x0000000020000030      0x200 build/cmsis_os2.o
 .bss.Idle_TCB  0x0000000020000230       0x5c build/cmsis_os2.o
 .bss.Timer_Stack
                0x000000002000028c      0x400 build/cmsis_os2.o
 .bss.Timer_TCB
                0x000000002000068c       0x5c build/cmsis_os2.o
 .bss.ucMaxSysCallPriority
                0x00000000200006e8        0x1 build/port.o
 *fill*         0x00000000200006e9        0x3 
 .bss.ulMaxPRIGROUPValue
                0x00000000200006ec        0x4 build/port.o
 .bss.pxEnd     0x00000000200006f0        0x4 build/heap_4.o
 .bss.ucHeap    0x00000000200006f4     0x3c00 build/heap_4.o
 .bss.xBlockAllocatedBit
                0x00000000200042f4        0x4 build/heap_4.o
 .bss.xFreeBytesRemaining
                0x00000000200042f8        0x4 build/heap_4.o
 .bss.xMinimumEverFreeBytesRemaining
                0x00000000200042fc        0x4 build/heap_4.o
 .bss.xStart    0x0000000020004300        0x8 build/heap_4.o
 .bss.xQueueRegistry
                0x0000000020004308       0x40 build/queue.o
                0x0000000020004308                xQueueRegistry
 .bss.pxCurrentTCB
                0x0000000020004348        0x4 build/tasks.o
                0x0000000020004348                pxCurrentTCB
 .bss.pxDelayedTaskList
                0x000000002000434c        0x4 build/tasks.o
 .bss.pxOverflowDelayedTaskList
                0x0000000020004350        0x4 build/tasks.o
 .bss.pxReadyTasksLists
                0x0000000020004354      0x460 build/tasks.o
 .bss.uxCurrentNumberOfTasks
                0x00000000200047b4        0x4 build/tasks.o
 .bss.uxDeletedTasksWaitingCleanUp
                0x00000000200047b8        0x4 build/tasks.o
 .bss.uxPendedTicks
                0x00000000200047bc        0x4 build/tasks.o
 .bss.uxSchedulerSuspended
                0x00000000200047c0        0x4 build/tasks.o
 .bss.uxTaskNumber
                0x00000000200047c4        0x4 build/tasks.o
 .bss.uxTopReadyPriority
                0x00000000200047c8        0x4 build/tasks.o
 .bss.xDelayedTaskList1
                0x00000000200047cc       0x14 build/tasks.o
 .bss.xDelayedTaskList2
                0x00000000200047e0       0x14 build/tasks.o
 .bss.xIdleTaskHandle
                0x00000000200047f4        0x4 build/tasks.o
 .bss.xNextTaskUnblockTime
                0x00000000200047f8        0x4 build/tasks.o
 .bss.xNumOfOverflows
                0x00000000200047fc        0x4 build/tasks.o
 .bss.xPendingReadyList
                0x0000000020004800       0x14 build/tasks.o
 .bss.xSchedulerRunning
                0x0000000020004814        0x4 build/tasks.o
 .bss.xSuspendedTaskList
                0x0000000020004818       0x14 build/tasks.o
 .bss.xTasksWaitingTermination
                0x000000002000482c       0x14 build/tasks.o
 .bss.xTickCount
                0x0000000020004840        0x4 build/tasks.o
 .bss.xYieldPending
                0x0000000020004844        0x4 build/tasks.o
 .bss.pxCurrentTimerList
                0x0000000020004848        0x4 build/timers.o
 .bss.pxOverflowTimerList
                0x000000002000484c        0x4 build/timers.o
 .bss.ucStaticTimerQueueStorage.1
                0x0000000020004850       0xa0 build/timers.o
 .bss.xActiveTimerList1
                0x00000000200048f0       0x14 build/timers.o
 .bss.xActiveTimerList2
                0x0000000020004904       0x14 build/timers.o
 .bss.xLastTime.2
                0x0000000020004918        0x4 build/timers.o
 .bss.xStaticTimerQueue.0
                0x000000002000491c       0x50 build/timers.o
 .bss.xTimerQueue
                0x000000002000496c        0x4 build/timers.o
 .bss.xTimerTaskHandle
                0x0000000020004970        0x4 build/timers.o
 *(COMMON)
                0x0000000020004974                . = ALIGN (0x4)
                0x0000000020004974                _ebss = .
                0x0000000020004974                __bss_end__ = _ebss

._user_heap_stack
                0x0000000020004974      0x604 load address 0x0000000008002c44
                0x0000000020004978                . = ALIGN (0x8)
 *fill*         0x0000000020004974        0x4 
                0x0000000020004978                PROVIDE (end = .)
                [!provide]                        PROVIDE (_end = .)
                0x0000000020004b78                . = (. + _Min_Heap_Size)
 *fill*         0x0000000020004978      0x200 
                0x0000000020004f78                . = (. + _Min_Stack_Size)
 *fill*         0x0000000020004b78      0x400 
                0x0000000020004f78                . = ALIGN (0x8)

/DISCARD/
 libc.a(*)
 libm.a(*)
 libgcc.a(*)

.ARM.attributes
                0x0000000000000000       0x30
 *(.ARM.attributes)
 .ARM.attributes
                0x0000000000000000       0x1e c:/users/lazab/appdata/roaming/code/user/globalstorage/bmd.stm32-for-vscode/@xpack-dev-tools/arm-none-eabi-gcc/11.3.1-1.1.2/.content/bin/../lib/gcc/arm-none-eabi/11.3.1/thumb/v7e-m+fp/hard/crti.o
 .ARM.attributes
                0x000000000000001e       0x34 c:/users/lazab/appdata/roaming/code/user/globalstorage/bmd.stm32-for-vscode/@xpack-dev-tools/arm-none-eabi-gcc/11.3.1-1.1.2/.content/bin/../lib/gcc/arm-none-eabi/11.3.1/thumb/v7e-m+fp/hard/crtbegin.o
 .ARM.attributes
                0x0000000000000052       0x34 build/main.o
 .ARM.attributes
                0x0000000000000086       0x34 build/stm32f4xx_hal_msp.o
 .ARM.attributes
                0x00000000000000ba       0x34 build/stm32f4xx_it.o
 .ARM.attributes
                0x00000000000000ee       0x34 build/system_stm32f4xx.o
 .ARM.attributes
                0x0000000000000122       0x34 build/stm32f4xx_hal.o
 .ARM.attributes
                0x0000000000000156       0x34 build/stm32f4xx_hal_cortex.o
 .ARM.attributes
                0x000000000000018a       0x34 build/stm32f4xx_hal_gpio.o
 .ARM.attributes
                0x00000000000001be       0x34 build/stm32f4xx_hal_rcc.o
 .ARM.attributes
                0x00000000000001f2       0x34 build/cmsis_os2.o
 .ARM.attributes
                0x0000000000000226       0x34 build/list.o
 .ARM.attributes
                0x000000000000025a       0x34 build/port.o
 .ARM.attributes
                0x000000000000028e       0x34 build/heap_4.o
 .ARM.attributes
                0x00000000000002c2       0x34 build/queue.o
 .ARM.attributes
                0x00000000000002f6       0x34 build/tasks.o
 .ARM.attributes
                0x000000000000032a       0x34 build/timers.o
 .ARM.attributes
                0x000000000000035e       0x21 build/startup_stm32f401xc.o
 .ARM.attributes
                0x000000000000037f       0x34 c:/users/lazab/appdata/roaming/code/user/globalstorage/bmd.stm32-for-vscode/@xpack-dev-tools/arm-none-eabi-gcc/11.3.1-1.1.2/.content/bin/../lib/gcc/arm-none-eabi/11.3.1/../../../../arm-none-eabi/lib/thumb/v7e-m+fp/hard\libc_nano.a(libc_a-memset.o)
 .ARM.attributes
                0x00000000000003b3       0x34 c:/users/lazab/appdata/roaming/code/user/globalstorage/bmd.stm32-for-vscode/@xpack-dev-tools/arm-none-eabi-gcc/11.3.1-1.1.2/.content/bin/../lib/gcc/arm-none-eabi/11.3.1/../../../../arm-none-eabi/lib/thumb/v7e-m+fp/hard\libc_nano.a(libc_a-init.o)
 .ARM.attributes
                0x00000000000003e7       0x34 c:/users/lazab/appdata/roaming/code/user/globalstorage/bmd.stm32-for-vscode/@xpack-dev-tools/arm-none-eabi-gcc/11.3.1-1.1.2/.content/bin/../lib/gcc/arm-none-eabi/11.3.1/../../../../arm-none-eabi/lib/thumb/v7e-m+fp/hard\libc_nano.a(libc_a-memcpy-stub.o)
 .ARM.attributes
                0x000000000000041b       0x1e c:/users/lazab/appdata/roaming/code/user/globalstorage/bmd.stm32-for-vscode/@xpack-dev-tools/arm-none-eabi-gcc/11.3.1-1.1.2/.content/bin/../lib/gcc/arm-none-eabi/11.3.1/thumb/v7e-m+fp/hard\libgcc.a(_aeabi_uldivmod.o)
 .ARM.attributes
                0x0000000000000439       0x34 c:/users/lazab/appdata/roaming/code/user/globalstorage/bmd.stm32-for-vscode/@xpack-dev-tools/arm-none-eabi-gcc/11.3.1-1.1.2/.content/bin/../lib/gcc/arm-none-eabi/11.3.1/thumb/v7e-m+fp/hard\libgcc.a(_udivmoddi4.o)
 .ARM.attributes
                0x000000000000046d       0x1e c:/users/lazab/appdata/roaming/code/user/globalstorage/bmd.stm32-for-vscode/@xpack-dev-tools/arm-none-eabi-gcc/11.3.1-1.1.2/.content/bin/../lib/gcc/arm-none-eabi/11.3.1/thumb/v7e-m+fp/hard\libgcc.a(_dvmd_tls.o)
 .ARM.attributes
                0x000000000000048b       0x1e c:/users/lazab/appdata/roaming/code/user/globalstorage/bmd.stm32-for-vscode/@xpack-dev-tools/arm-none-eabi-gcc/11.3.1-1.1.2/.content/bin/../lib/gcc/arm-none-eabi/11.3.1/thumb/v7e-m+fp/hard/crtn.o
OUTPUT(build/orange_pi_mezz_hal.elf elf32-littlearm)
LOAD linker stubs
LOAD c:/users/lazab/appdata/roaming/code/user/globalstorage/bmd.stm32-for-vscode/@xpack-dev-tools/arm-none-eabi-gcc/11.3.1-1.1.2/.content/bin/../lib/gcc/arm-none-eabi/11.3.1/../../../../arm-none-eabi/lib/thumb/v7e-m+fp/hard\libc.a
LOAD c:/users/lazab/appdata/roaming/code/user/globalstorage/bmd.stm32-for-vscode/@xpack-dev-tools/arm-none-eabi-gcc/11.3.1-1.1.2/.content/bin/../lib/gcc/arm-none-eabi/11.3.1/../../../../arm-none-eabi/lib/thumb/v7e-m+fp/hard\libm.a
LOAD c:/users/lazab/appdata/roaming/code/user/globalstorage/bmd.stm32-for-vscode/@xpack-dev-tools/arm-none-eabi-gcc/11.3.1-1.1.2/.content/bin/../lib/gcc/arm-none-eabi/11.3.1/thumb/v7e-m+fp/hard\libgcc.a

.comment        0x0000000000000000       0x39
 .comment       0x0000000000000000       0x39 c:/users/lazab/appdata/roaming/code/user/globalstorage/bmd.stm32-for-vscode/@xpack-dev-tools/arm-none-eabi-gcc/11.3.1-1.1.2/.content/bin/../lib/gcc/arm-none-eabi/11.3.1/thumb/v7e-m+fp/hard/crtbegin.o
                                         0x3a (size before relaxing)
 .comment       0x0000000000000039       0x3a build/main.o
 .comment       0x0000000000000039       0x3a build/stm32f4xx_hal_msp.o
 .comment       0x0000000000000039       0x3a build/stm32f4xx_it.o
 .comment       0x0000000000000039       0x3a build/system_stm32f4xx.o
 .comment       0x0000000000000039       0x3a build/stm32f4xx_hal.o
 .comment       0x0000000000000039       0x3a build/stm32f4xx_hal_cortex.o
 .comment       0x0000000000000039       0x3a build/stm32f4xx_hal_gpio.o
 .comment       0x0000000000000039       0x3a build/stm32f4xx_hal_rcc.o
 .comment       0x0000000000000039       0x3a build/cmsis_os2.o
 .comment       0x0000000000000039       0x3a build/list.o
 .comment       0x0000000000000039       0x3a build/port.o
 .comment       0x0000000000000039       0x3a build/heap_4.o
 .comment       0x0000000000000039       0x3a build/queue.o
 .comment       0x0000000000000039       0x3a build/tasks.o
 .comment       0x0000000000000039       0x3a build/timers.o
 .comment       0x0000000000000039       0x3a c:/users/lazab/appdata/roaming/code/user/globalstorage/bmd.stm32-for-vscode/@xpack-dev-tools/arm-none-eabi-gcc/11.3.1-1.1.2/.content/bin/../lib/gcc/arm-none-eabi/11.3.1/../../../../arm-none-eabi/lib/thumb/v7e-m+fp/hard\libc_nano.a(libc_a-memset.o)
 .comment       0x0000000000000039       0x3a c:/users/lazab/appdata/roaming/code/user/globalstorage/bmd.stm32-for-vscode/@xpack-dev-tools/arm-none-eabi-gcc/11.3.1-1.1.2/.content/bin/../lib/gcc/arm-none-eabi/11.3.1/../../../../arm-none-eabi/lib/thumb/v7e-m+fp/hard\libc_nano.a(libc_a-init.o)
 .comment       0x0000000000000039       0x3a c:/users/lazab/appdata/roaming/code/user/globalstorage/bmd.stm32-for-vscode/@xpack-dev-tools/arm-none-eabi-gcc/11.3.1-1.1.2/.content/bin/../lib/gcc/arm-none-eabi/11.3.1/../../../../arm-none-eabi/lib/thumb/v7e-m+fp/hard\libc_nano.a(libc_a-memcpy-stub.o)
 .comment       0x0000000000000039       0x3a c:/users/lazab/appdata/roaming/code/user/globalstorage/bmd.stm32-for-vscode/@xpack-dev-tools/arm-none-eabi-gcc/11.3.1-1.1.2/.content/bin/../lib/gcc/arm-none-eabi/11.3.1/thumb/v7e-m+fp/hard\libgcc.a(_udivmoddi4.o)

.debug_info     0x0000000000000000    0x10942
 .debug_info    0x0000000000000000      0x905 build/main.o
 .debug_info    0x0000000000000905      0x463 build/stm32f4xx_hal_msp.o
 .debug_info    0x0000000000000d68      0x136 build/stm32f4xx_it.o
 .debug_info    0x0000000000000e9e      0x553 build/system_stm32f4xx.o
 .debug_info    0x00000000000013f1      0x95c build/stm32f4xx_hal.o
 .debug_info    0x0000000000001d4d      0xefd build/stm32f4xx_hal_cortex.o
 .debug_info    0x0000000000002c4a      0x729 build/stm32f4xx_hal_gpio.o
 .debug_info    0x0000000000003373      0xab0 build/stm32f4xx_hal_rcc.o
 .debug_info    0x0000000000003e23     0x4d52 build/cmsis_os2.o
 .debug_info    0x0000000000008b75      0x2bf build/list.o
 .debug_info    0x0000000000008e34      0x55a build/port.o
 .debug_info    0x000000000000938e      0x452 build/heap_4.o
 .debug_info    0x00000000000097e0     0x2757 build/queue.o
 .debug_info    0x000000000000bf37     0x2f80 build/tasks.o
 .debug_info    0x000000000000eeb7     0x1a68 build/timers.o
 .debug_info    0x000000000001091f       0x23 build/startup_stm32f401xc.o

.debug_abbrev   0x0000000000000000     0x25bf
 .debug_abbrev  0x0000000000000000      0x269 build/main.o
 .debug_abbrev  0x0000000000000269      0x120 build/stm32f4xx_hal_msp.o
 .debug_abbrev  0x0000000000000389       0xa0 build/stm32f4xx_it.o
 .debug_abbrev  0x0000000000000429      0x11e build/system_stm32f4xx.o
 .debug_abbrev  0x0000000000000547      0x277 build/stm32f4xx_hal.o
 .debug_abbrev  0x00000000000007be      0x376 build/stm32f4xx_hal_cortex.o
 .debug_abbrev  0x0000000000000b34      0x1ff build/stm32f4xx_hal_gpio.o
 .debug_abbrev  0x0000000000000d33      0x2c5 build/stm32f4xx_hal_rcc.o
 .debug_abbrev  0x0000000000000ff8      0x4ce build/cmsis_os2.o
 .debug_abbrev  0x00000000000014c6      0x10a build/list.o
 .debug_abbrev  0x00000000000015d0      0x293 build/port.o
 .debug_abbrev  0x0000000000001863      0x24b build/heap_4.o
 .debug_abbrev  0x0000000000001aae      0x3ea build/queue.o
 .debug_abbrev  0x0000000000001e98      0x394 build/tasks.o
 .debug_abbrev  0x000000000000222c      0x381 build/timers.o
 .debug_abbrev  0x00000000000025ad       0x12 build/startup_stm32f401xc.o

.debug_loclists
                0x0000000000000000     0x711f
 .debug_loclists
                0x0000000000000000       0x23 build/main.o
 .debug_loclists
                0x0000000000000023       0xdb build/system_stm32f4xx.o
 .debug_loclists
                0x00000000000000fe       0xc9 build/stm32f4xx_hal.o
 .debug_loclists
                0x00000000000001c7      0x4db build/stm32f4xx_hal_cortex.o
 .debug_loclists
                0x00000000000006a2      0x349 build/stm32f4xx_hal_gpio.o
 .debug_loclists
                0x00000000000009eb      0x3a9 build/stm32f4xx_hal_rcc.o
 .debug_loclists
                0x0000000000000d94     0x312f build/cmsis_os2.o
 .debug_loclists
                0x0000000000003ec3       0x6f build/list.o
 .debug_loclists
                0x0000000000003f32       0xbb build/port.o
 .debug_loclists
                0x0000000000003fed      0x1fd build/heap_4.o
 .debug_loclists
                0x00000000000041ea      0xfcc build/queue.o
 .debug_loclists
                0x00000000000051b6     0x15b1 build/tasks.o
 .debug_loclists
                0x0000000000006767      0x9b8 build/timers.o

.debug_aranges  0x0000000000000000      0xae0
 .debug_aranges
                0x0000000000000000       0x40 build/main.o
 .debug_aranges
                0x0000000000000040       0x20 build/stm32f4xx_hal_msp.o
 .debug_aranges
                0x0000000000000060       0x50 build/stm32f4xx_it.o
 .debug_aranges
                0x00000000000000b0       0x28 build/system_stm32f4xx.o
 .debug_aranges
                0x00000000000000d8       0xf0 build/stm32f4xx_hal.o
 .debug_aranges
                0x00000000000001c8       0xa8 build/stm32f4xx_hal_cortex.o
 .debug_aranges
                0x0000000000000270       0x58 build/stm32f4xx_hal_gpio.o
 .debug_aranges
                0x00000000000002c8       0x88 build/stm32f4xx_hal_rcc.o
 .debug_aranges
                0x0000000000000350      0x220 build/cmsis_os2.o
 .debug_aranges
                0x0000000000000570       0x40 build/list.o
 .debug_aranges
                0x00000000000005b0       0x80 build/port.o
 .debug_aranges
                0x0000000000000630       0x50 build/heap_4.o
 .debug_aranges
                0x0000000000000680      0x158 build/queue.o
 .debug_aranges
                0x00000000000007d8      0x1f8 build/tasks.o
 .debug_aranges
                0x00000000000009d0       0xe8 build/timers.o
 .debug_aranges
                0x0000000000000ab8       0x28 build/startup_stm32f401xc.o

.debug_rnglists
                0x0000000000000000      0x966
 .debug_rnglists
                0x0000000000000000       0x2d build/main.o
 .debug_rnglists
                0x000000000000002d       0x13 build/stm32f4xx_hal_msp.o
 .debug_rnglists
                0x0000000000000040       0x37 build/stm32f4xx_it.o
 .debug_rnglists
                0x0000000000000077       0x1a build/system_stm32f4xx.o
 .debug_rnglists
                0x0000000000000091       0xaf build/stm32f4xx_hal.o
 .debug_rnglists
                0x0000000000000140       0xa9 build/stm32f4xx_hal_cortex.o
 .debug_rnglists
                0x00000000000001e9       0x3f build/stm32f4xx_hal_gpio.o
 .debug_rnglists
                0x0000000000000228       0x75 build/stm32f4xx_hal_rcc.o
 .debug_rnglists
                0x000000000000029d      0x1a0 build/cmsis_os2.o
 .debug_rnglists
                0x000000000000043d       0x2b build/list.o
 .debug_rnglists
                0x0000000000000468       0x69 build/port.o
 .debug_rnglists
                0x00000000000004d1       0x38 build/heap_4.o
 .debug_rnglists
                0x0000000000000509      0x170 build/queue.o
 .debug_rnglists
                0x0000000000000679      0x22a build/tasks.o
 .debug_rnglists
                0x00000000000008a3       0xaa build/timers.o
 .debug_rnglists
                0x000000000000094d       0x19 build/startup_stm32f401xc.o

.debug_line     0x0000000000000000     0xcb2e
 .debug_line    0x0000000000000000      0x4a7 build/main.o
 .debug_line    0x00000000000004a7      0x23b build/stm32f4xx_hal_msp.o
 .debug_line    0x00000000000006e2      0x208 build/stm32f4xx_it.o
 .debug_line    0x00000000000008ea      0x2fc build/system_stm32f4xx.o
 .debug_line    0x0000000000000be6      0x609 build/stm32f4xx_hal.o
 .debug_line    0x00000000000011ef      0x81b build/stm32f4xx_hal_cortex.o
 .debug_line    0x0000000000001a0a      0x738 build/stm32f4xx_hal_gpio.o
 .debug_line    0x0000000000002142      0xbad build/stm32f4xx_hal_rcc.o
 .debug_line    0x0000000000002cef     0x2e74 build/cmsis_os2.o
 .debug_line    0x0000000000005b63      0x3fd build/list.o
 .debug_line    0x0000000000005f60      0x773 build/port.o
 .debug_line    0x00000000000066d3      0x739 build/heap_4.o
 .debug_line    0x0000000000006e0c     0x20bd build/queue.o
 .debug_line    0x0000000000008ec9     0x2cb9 build/tasks.o
 .debug_line    0x000000000000bb82      0xf39 build/timers.o
 .debug_line    0x000000000000cabb       0x73 build/startup_stm32f401xc.o

.debug_str      0x0000000000000000     0x44df
 .debug_str     0x0000000000000000      0x571 build/main.o
                                        0x5e0 (size before relaxing)
 .debug_str     0x0000000000000571      0x3d4 build/stm32f4xx_hal_msp.o
                                        0x654 (size before relaxing)
 .debug_str     0x0000000000000945       0xc4 build/stm32f4xx_it.o
                                        0x22b (size before relaxing)
 .debug_str     0x0000000000000a09       0xd8 build/system_stm32f4xx.o
                                        0x363 (size before relaxing)
 .debug_str     0x0000000000000ae1      0x34c build/stm32f4xx_hal.o
                                        0x9f0 (size before relaxing)
 .debug_str     0x0000000000000e2d      0x44a build/stm32f4xx_hal_cortex.o
                                        0xaa6 (size before relaxing)
 .debug_str     0x0000000000001277      0x127 build/stm32f4xx_hal_gpio.o
                                        0x4ce (size before relaxing)
 .debug_str     0x000000000000139e      0x1a1 build/stm32f4xx_hal_rcc.o
                                        0x6f4 (size before relaxing)
 .debug_str     0x000000000000153f     0x16c5 build/cmsis_os2.o
                                       0x199e (size before relaxing)
 .debug_str     0x0000000000002c04      0x136 build/list.o
                                        0x2de (size before relaxing)
 .debug_str     0x0000000000002d3a      0x24f build/port.o
                                        0x45e (size before relaxing)
 .debug_str     0x0000000000002f89      0x1de build/heap_4.o
                                        0x3d2 (size before relaxing)
 .debug_str     0x0000000000003167      0x605 build/queue.o
                                        0xcda (size before relaxing)
 .debug_str     0x000000000000376c      0x896 build/tasks.o
                                       0x127e (size before relaxing)
 .debug_str     0x0000000000004002      0x4bb build/timers.o
                                        0xc06 (size before relaxing)
 .debug_str     0x00000000000044bd       0x22 build/startup_stm32f401xc.o
                                         0x4a (size before relaxing)

.debug_frame    0x0000000000000000     0x1e34
 .debug_frame   0x0000000000000000       0x90 build/main.o
 .debug_frame   0x0000000000000090       0x2c build/stm32f4xx_hal_msp.o
 .debug_frame   0x00000000000000bc       0x88 build/stm32f4xx_it.o
 .debug_frame   0x0000000000000144       0x30 build/system_stm32f4xx.o
 .debug_frame   0x0000000000000174      0x1ec build/stm32f4xx_hal.o
 .debug_frame   0x0000000000000360      0x148 build/stm32f4xx_hal_cortex.o
 .debug_frame   0x00000000000004a8       0xd8 build/stm32f4xx_hal_gpio.o
 .debug_frame   0x0000000000000580      0x16c build/stm32f4xx_hal_rcc.o
 .debug_frame   0x00000000000006ec      0x780 build/cmsis_os2.o
 .debug_frame   0x0000000000000e6c       0x70 build/list.o
 .debug_frame   0x0000000000000edc      0x110 build/port.o
 .debug_frame   0x0000000000000fec       0xb0 build/heap_4.o
 .debug_frame   0x000000000000109c      0x45c build/queue.o
 .debug_frame   0x00000000000014f8      0x654 build/tasks.o
 .debug_frame   0x0000000000001b4c      0x2e8 build/timers.o

.debug_line_str
                0x0000000000000000       0x3e
 .debug_line_str
                0x0000000000000000       0x3e build/startup_stm32f401xc.o
                                         0x54 (size before relaxing)

Cross Reference Table

Symbol                                            File
ADC_IRQHandler                                    build/startup_stm32f401xc.o
AHBPrescTable                                     build/system_stm32f4xx.o
                                                  build/stm32f4xx_hal_rcc.o
APBPrescTable                                     build/system_stm32f4xx.o
                                                  build/stm32f4xx_hal_rcc.o
BusFault_Handler                                  build/stm32f4xx_it.o
DMA1_Stream0_IRQHandler                           build/startup_stm32f401xc.o
DMA1_Stream1_IRQHandler                           build/startup_stm32f401xc.o
DMA1_Stream2_IRQHandler                           build/startup_stm32f401xc.o
DMA1_Stream3_IRQHandler                           build/startup_stm32f401xc.o
DMA1_Stream4_IRQHandler                           build/startup_stm32f401xc.o
DMA1_Stream5_IRQHandler                           build/startup_stm32f401xc.o
DMA1_Stream6_IRQHandler                           build/startup_stm32f401xc.o
DMA1_Stream7_IRQHandler                           build/startup_stm32f401xc.o
DMA2_Stream0_IRQHandler                           build/startup_stm32f401xc.o
DMA2_Stream1_IRQHandler                           build/startup_stm32f401xc.o
DMA2_Stream2_IRQHandler                           build/startup_stm32f401xc.o
DMA2_Stream3_IRQHandler                           build/startup_stm32f401xc.o
DMA2_Stream4_IRQHandler                           build/startup_stm32f401xc.o
DMA2_Stream5_IRQHandler                           build/startup_stm32f401xc.o
DMA2_Stream6_IRQHandler                           build/startup_stm32f401xc.o
DMA2_Stream7_IRQHandler                           build/startup_stm32f401xc.o
DebugMon_Handler                                  build/stm32f4xx_it.o
Default_Handler                                   build/startup_stm32f401xc.o
EXTI0_IRQHandler                                  build/startup_stm32f401xc.o
EXTI15_10_IRQHandler                              build/startup_stm32f401xc.o
EXTI1_IRQHandler                                  build/startup_stm32f401xc.o
EXTI2_IRQHandler                                  build/startup_stm32f401xc.o
EXTI3_IRQHandler                                  build/startup_stm32f401xc.o
EXTI4_IRQHandler                                  build/startup_stm32f401xc.o
EXTI9_5_IRQHandler                                build/startup_stm32f401xc.o
Error_Handler                                     build/main.o
FLASH_Erase_Sector                                build/stm32f4xx_hal_flash_ex.o
                                                  build/stm32f4xx_hal_flash.o
FLASH_FlushCaches                                 build/stm32f4xx_hal_flash_ex.o
                                                  build/stm32f4xx_hal_flash.o
FLASH_IRQHandler                                  build/startup_stm32f401xc.o
FLASH_WaitForLastOperation                        build/stm32f4xx_hal_flash.o
                                                  build/stm32f4xx_hal_flash_ex.o
FPU_IRQHandler                                    build/startup_stm32f401xc.o
HAL_DBGMCU_DisableDBGSleepMode                    build/stm32f4xx_hal.o
HAL_DBGMCU_DisableDBGStandbyMode                  build/stm32f4xx_hal.o
HAL_DBGMCU_DisableDBGStopMode                     build/stm32f4xx_hal.o
HAL_DBGMCU_EnableDBGSleepMode                     build/stm32f4xx_hal.o
HAL_DBGMCU_EnableDBGStandbyMode                   build/stm32f4xx_hal.o
HAL_DBGMCU_EnableDBGStopMode                      build/stm32f4xx_hal.o
HAL_DMAEx_ChangeMemory                            build/stm32f4xx_hal_dma_ex.o
HAL_DMAEx_MultiBufferStart                        build/stm32f4xx_hal_dma_ex.o
HAL_DMAEx_MultiBufferStart_IT                     build/stm32f4xx_hal_dma_ex.o
HAL_DMA_Abort                                     build/stm32f4xx_hal_dma.o
HAL_DMA_Abort_IT                                  build/stm32f4xx_hal_dma.o
HAL_DMA_DeInit                                    build/stm32f4xx_hal_dma.o
HAL_DMA_GetError                                  build/stm32f4xx_hal_dma.o
HAL_DMA_GetState                                  build/stm32f4xx_hal_dma.o
HAL_DMA_IRQHandler                                build/stm32f4xx_hal_dma.o
HAL_DMA_Init                                      build/stm32f4xx_hal_dma.o
HAL_DMA_PollForTransfer                           build/stm32f4xx_hal_dma.o
HAL_DMA_RegisterCallback                          build/stm32f4xx_hal_dma.o
HAL_DMA_Start                                     build/stm32f4xx_hal_dma.o
HAL_DMA_Start_IT                                  build/stm32f4xx_hal_dma.o
HAL_DMA_UnRegisterCallback                        build/stm32f4xx_hal_dma.o
HAL_DeInit                                        build/stm32f4xx_hal.o
HAL_Delay                                         build/stm32f4xx_hal.o
HAL_DisableCompensationCell                       build/stm32f4xx_hal.o
HAL_EXTI_ClearConfigLine                          build/stm32f4xx_hal_exti.o
HAL_EXTI_ClearPending                             build/stm32f4xx_hal_exti.o
HAL_EXTI_GenerateSWI                              build/stm32f4xx_hal_exti.o
HAL_EXTI_GetConfigLine                            build/stm32f4xx_hal_exti.o
HAL_EXTI_GetHandle                                build/stm32f4xx_hal_exti.o
HAL_EXTI_GetPending                               build/stm32f4xx_hal_exti.o
HAL_EXTI_IRQHandler                               build/stm32f4xx_hal_exti.o
HAL_EXTI_RegisterCallback                         build/stm32f4xx_hal_exti.o
HAL_EXTI_SetConfigLine                            build/stm32f4xx_hal_exti.o
HAL_EnableCompensationCell                        build/stm32f4xx_hal.o
HAL_FLASHEx_AdvOBGetConfig                        build/stm32f4xx_hal_flash_ex.o
HAL_FLASHEx_AdvOBProgram                          build/stm32f4xx_hal_flash_ex.o
HAL_FLASHEx_Erase                                 build/stm32f4xx_hal_flash_ex.o
HAL_FLASHEx_Erase_IT                              build/stm32f4xx_hal_flash_ex.o
HAL_FLASHEx_OBGetConfig                           build/stm32f4xx_hal_flash_ex.o
HAL_FLASHEx_OBProgram                             build/stm32f4xx_hal_flash_ex.o
HAL_FLASHEx_OB_DeSelectPCROP                      build/stm32f4xx_hal_flash_ex.o
HAL_FLASHEx_OB_SelectPCROP                        build/stm32f4xx_hal_flash_ex.o
HAL_FLASH_EndOfOperationCallback                  build/stm32f4xx_hal_flash.o
HAL_FLASH_GetError                                build/stm32f4xx_hal_flash.o
HAL_FLASH_IRQHandler                              build/stm32f4xx_hal_flash.o
HAL_FLASH_Lock                                    build/stm32f4xx_hal_flash.o
HAL_FLASH_OB_Launch                               build/stm32f4xx_hal_flash.o
HAL_FLASH_OB_Lock                                 build/stm32f4xx_hal_flash.o
HAL_FLASH_OB_Unlock                               build/stm32f4xx_hal_flash.o
HAL_FLASH_OperationErrorCallback                  build/stm32f4xx_hal_flash.o
HAL_FLASH_Program                                 build/stm32f4xx_hal_flash.o
HAL_FLASH_Program_IT                              build/stm32f4xx_hal_flash.o
HAL_FLASH_Unlock                                  build/stm32f4xx_hal_flash.o
HAL_GPIO_DeInit                                   build/stm32f4xx_hal_gpio.o
HAL_GPIO_EXTI_Callback                            build/stm32f4xx_hal_gpio.o
HAL_GPIO_EXTI_IRQHandler                          build/stm32f4xx_hal_gpio.o
HAL_GPIO_Init                                     build/stm32f4xx_hal_gpio.o
                                                  build/stm32f4xx_hal_rcc.o
                                                  build/main.o
HAL_GPIO_LockPin                                  build/stm32f4xx_hal_gpio.o
HAL_GPIO_ReadPin                                  build/stm32f4xx_hal_gpio.o
HAL_GPIO_TogglePin                                build/stm32f4xx_hal_gpio.o
HAL_GPIO_WritePin                                 build/stm32f4xx_hal_gpio.o
                                                  build/main.o
HAL_GetDEVID                                      build/stm32f4xx_hal.o
HAL_GetHalVersion                                 build/stm32f4xx_hal.o
HAL_GetREVID                                      build/stm32f4xx_hal.o
HAL_GetTick                                       build/stm32f4xx_hal.o
                                                  build/stm32f4xx_hal_rcc_ex.o
                                                  build/stm32f4xx_hal_rcc.o
                                                  build/stm32f4xx_hal_pwr_ex.o
                                                  build/stm32f4xx_hal_flash.o
                                                  build/stm32f4xx_hal_dma.o
HAL_GetTickFreq                                   build/stm32f4xx_hal.o
HAL_GetTickPrio                                   build/stm32f4xx_hal.o
HAL_GetUIDw0                                      build/stm32f4xx_hal.o
HAL_GetUIDw1                                      build/stm32f4xx_hal.o
HAL_GetUIDw2                                      build/stm32f4xx_hal.o
HAL_IncTick                                       build/stm32f4xx_hal.o
                                                  build/stm32f4xx_it.o
HAL_Init                                          build/stm32f4xx_hal.o
                                                  build/main.o
HAL_InitTick                                      build/stm32f4xx_hal.o
                                                  build/stm32f4xx_hal_rcc_ex.o
                                                  build/stm32f4xx_hal_rcc.o
HAL_MPU_ConfigRegion                              build/stm32f4xx_hal_cortex.o
HAL_MPU_Disable                                   build/stm32f4xx_hal_cortex.o
HAL_MPU_Enable                                    build/stm32f4xx_hal_cortex.o
HAL_MspDeInit                                     build/stm32f4xx_hal.o
HAL_MspInit                                       build/stm32f4xx_hal_msp.o
HAL_NVIC_ClearPendingIRQ                          build/stm32f4xx_hal_cortex.o
HAL_NVIC_DisableIRQ                               build/stm32f4xx_hal_cortex.o
HAL_NVIC_EnableIRQ                                build/stm32f4xx_hal_cortex.o
HAL_NVIC_GetActive                                build/stm32f4xx_hal_cortex.o
HAL_NVIC_GetPendingIRQ                            build/stm32f4xx_hal_cortex.o
HAL_NVIC_GetPriority                              build/stm32f4xx_hal_cortex.o
HAL_NVIC_GetPriorityGrouping                      build/stm32f4xx_hal_cortex.o
HAL_NVIC_SetPendingIRQ                            build/stm32f4xx_hal_cortex.o
HAL_NVIC_SetPriority                              build/stm32f4xx_hal_cortex.o
                                                  build/stm32f4xx_hal.o
                                                  build/stm32f4xx_hal_msp.o
HAL_NVIC_SetPriorityGrouping                      build/stm32f4xx_hal_cortex.o
                                                  build/stm32f4xx_hal.o
HAL_NVIC_SystemReset                              build/stm32f4xx_hal_cortex.o
HAL_PWREx_ControlVoltageScaling                   build/stm32f4xx_hal_pwr_ex.o
HAL_PWREx_DisableBkUpReg                          build/stm32f4xx_hal_pwr_ex.o
HAL_PWREx_DisableFlashPowerDown                   build/stm32f4xx_hal_pwr_ex.o
HAL_PWREx_DisableLowRegulatorLowVoltage           build/stm32f4xx_hal_pwr_ex.o
HAL_PWREx_DisableMainRegulatorLowVoltage          build/stm32f4xx_hal_pwr_ex.o
HAL_PWREx_EnableBkUpReg                           build/stm32f4xx_hal_pwr_ex.o
HAL_PWREx_EnableFlashPowerDown                    build/stm32f4xx_hal_pwr_ex.o
HAL_PWREx_EnableLowRegulatorLowVoltage            build/stm32f4xx_hal_pwr_ex.o
HAL_PWREx_EnableMainRegulatorLowVoltage           build/stm32f4xx_hal_pwr_ex.o
HAL_PWREx_GetVoltageRange                         build/stm32f4xx_hal_pwr_ex.o
HAL_PWR_ConfigPVD                                 build/stm32f4xx_hal_pwr.o
HAL_PWR_DeInit                                    build/stm32f4xx_hal_pwr.o
HAL_PWR_DisableBkUpAccess                         build/stm32f4xx_hal_pwr.o
HAL_PWR_DisablePVD                                build/stm32f4xx_hal_pwr.o
HAL_PWR_DisableSEVOnPend                          build/stm32f4xx_hal_pwr.o
HAL_PWR_DisableSleepOnExit                        build/stm32f4xx_hal_pwr.o
HAL_PWR_DisableWakeUpPin                          build/stm32f4xx_hal_pwr.o
HAL_PWR_EnableBkUpAccess                          build/stm32f4xx_hal_pwr.o
HAL_PWR_EnablePVD                                 build/stm32f4xx_hal_pwr.o
HAL_PWR_EnableSEVOnPend                           build/stm32f4xx_hal_pwr.o
HAL_PWR_EnableSleepOnExit                         build/stm32f4xx_hal_pwr.o
HAL_PWR_EnableWakeUpPin                           build/stm32f4xx_hal_pwr.o
HAL_PWR_EnterSLEEPMode                            build/stm32f4xx_hal_pwr.o
HAL_PWR_EnterSTANDBYMode                          build/stm32f4xx_hal_pwr.o
HAL_PWR_EnterSTOPMode                             build/stm32f4xx_hal_pwr.o
HAL_PWR_PVDCallback                               build/stm32f4xx_hal_pwr.o
HAL_PWR_PVD_IRQHandler                            build/stm32f4xx_hal_pwr.o
HAL_RCCEx_DisablePLLI2S                           build/stm32f4xx_hal_rcc_ex.o
HAL_RCCEx_EnablePLLI2S                            build/stm32f4xx_hal_rcc_ex.o
HAL_RCCEx_GetPeriphCLKConfig                      build/stm32f4xx_hal_rcc_ex.o
HAL_RCCEx_GetPeriphCLKFreq                        build/stm32f4xx_hal_rcc_ex.o
HAL_RCCEx_PeriphCLKConfig                         build/stm32f4xx_hal_rcc_ex.o
HAL_RCC_CSSCallback                               build/stm32f4xx_hal_rcc.o
HAL_RCC_ClockConfig                               build/stm32f4xx_hal_rcc.o
                                                  build/main.o
HAL_RCC_DeInit                                    build/stm32f4xx_hal_rcc_ex.o
                                                  build/stm32f4xx_hal_rcc.o
HAL_RCC_DisableCSS                                build/stm32f4xx_hal_rcc.o
HAL_RCC_EnableCSS                                 build/stm32f4xx_hal_rcc.o
HAL_RCC_GetClockConfig                            build/stm32f4xx_hal_rcc.o
HAL_RCC_GetHCLKFreq                               build/stm32f4xx_hal_rcc.o
HAL_RCC_GetOscConfig                              build/stm32f4xx_hal_rcc.o
HAL_RCC_GetPCLK1Freq                              build/stm32f4xx_hal_rcc.o
HAL_RCC_GetPCLK2Freq                              build/stm32f4xx_hal_rcc.o
HAL_RCC_GetSysClockFreq                           build/stm32f4xx_hal_rcc.o
HAL_RCC_MCOConfig                                 build/stm32f4xx_hal_rcc.o
HAL_RCC_NMI_IRQHandler                            build/stm32f4xx_hal_rcc.o
HAL_RCC_OscConfig                                 build/stm32f4xx_hal_rcc.o
                                                  build/main.o
HAL_ResumeTick                                    build/stm32f4xx_hal.o
HAL_SYSTICK_CLKSourceConfig                       build/stm32f4xx_hal_cortex.o
HAL_SYSTICK_Callback                              build/stm32f4xx_hal_cortex.o
HAL_SYSTICK_Config                                build/stm32f4xx_hal_cortex.o
                                                  build/stm32f4xx_hal.o
HAL_SYSTICK_IRQHandler                            build/stm32f4xx_hal_cortex.o
HAL_SetTickFreq                                   build/stm32f4xx_hal.o
HAL_SuspendTick                                   build/stm32f4xx_hal.o
HardFault_Handler                                 build/stm32f4xx_it.o
I2C1_ER_IRQHandler                                build/startup_stm32f401xc.o
I2C1_EV_IRQHandler                                build/startup_stm32f401xc.o
I2C2_ER_IRQHandler                                build/startup_stm32f401xc.o
I2C2_EV_IRQHandler                                build/startup_stm32f401xc.o
I2C3_ER_IRQHandler                                build/startup_stm32f401xc.o
I2C3_EV_IRQHandler                                build/startup_stm32f401xc.o
MemManage_Handler                                 build/stm32f4xx_it.o
NMI_Handler                                       build/stm32f4xx_it.o
OTG_FS_IRQHandler                                 build/startup_stm32f401xc.o
OTG_FS_WKUP_IRQHandler                            build/startup_stm32f401xc.o
PVD_IRQHandler                                    build/startup_stm32f401xc.o
PendSV_Handler                                    build/port.o
RCC_IRQHandler                                    build/startup_stm32f401xc.o
RTC_Alarm_IRQHandler                              build/startup_stm32f401xc.o
RTC_WKUP_IRQHandler                               build/startup_stm32f401xc.o
Reset_Handler                                     build/startup_stm32f401xc.o
SDIO_IRQHandler                                   build/startup_stm32f401xc.o
SPI1_IRQHandler                                   build/startup_stm32f401xc.o
SPI2_IRQHandler                                   build/startup_stm32f401xc.o
SPI3_IRQHandler                                   build/startup_stm32f401xc.o
SPI4_IRQHandler                                   build/startup_stm32f401xc.o
SVC_Handler                                       build/port.o
SysTick_Handler                                   build/stm32f4xx_it.o
SystemClock_Config                                build/main.o
SystemCoreClock                                   build/system_stm32f4xx.o
                                                  build/port.o
                                                  build/cmsis_os2.o
                                                  build/stm32f4xx_hal_rcc_ex.o
                                                  build/stm32f4xx_hal_rcc.o
                                                  build/stm32f4xx_hal_dma.o
                                                  build/stm32f4xx_hal.o
SystemCoreClockUpdate                             build/system_stm32f4xx.o
SystemInit                                        build/system_stm32f4xx.o
                                                  build/startup_stm32f401xc.o
TAMP_STAMP_IRQHandler                             build/startup_stm32f401xc.o
TIM1_BRK_TIM9_IRQHandler                          build/startup_stm32f401xc.o
TIM1_CC_IRQHandler                                build/startup_stm32f401xc.o
TIM1_TRG_COM_TIM11_IRQHandler                     build/startup_stm32f401xc.o
TIM1_UP_TIM10_IRQHandler                          build/startup_stm32f401xc.o
TIM2_IRQHandler                                   build/startup_stm32f401xc.o
TIM3_IRQHandler                                   build/startup_stm32f401xc.o
TIM4_IRQHandler                                   build/startup_stm32f401xc.o
TIM5_IRQHandler                                   build/startup_stm32f401xc.o
USART1_IRQHandler                                 build/startup_stm32f401xc.o
USART2_IRQHandler                                 build/startup_stm32f401xc.o
USART6_IRQHandler                                 build/startup_stm32f401xc.o
UsageFault_Handler                                build/stm32f4xx_it.o
WWDG_IRQHandler                                   build/startup_stm32f401xc.o
__aeabi_idiv0                                     c:/users/lazab/appdata/roaming/code/user/globalstorage/bmd.stm32-for-vscode/@xpack-dev-tools/arm-none-eabi-gcc/11.3.1-1.1.2/.content/bin/../lib/gcc/arm-none-eabi/11.3.1/thumb/v7e-m+fp/hard\libgcc.a(_dvmd_tls.o)
__aeabi_ldiv0                                     c:/users/lazab/appdata/roaming/code/user/globalstorage/bmd.stm32-for-vscode/@xpack-dev-tools/arm-none-eabi-gcc/11.3.1-1.1.2/.content/bin/../lib/gcc/arm-none-eabi/11.3.1/thumb/v7e-m+fp/hard\libgcc.a(_dvmd_tls.o)
                                                  c:/users/lazab/appdata/roaming/code/user/globalstorage/bmd.stm32-for-vscode/@xpack-dev-tools/arm-none-eabi-gcc/11.3.1-1.1.2/.content/bin/../lib/gcc/arm-none-eabi/11.3.1/thumb/v7e-m+fp/hard\libgcc.a(_aeabi_uldivmod.o)
__aeabi_uldivmod                                  c:/users/lazab/appdata/roaming/code/user/globalstorage/bmd.stm32-for-vscode/@xpack-dev-tools/arm-none-eabi-gcc/11.3.1-1.1.2/.content/bin/../lib/gcc/arm-none-eabi/11.3.1/thumb/v7e-m+fp/hard\libgcc.a(_aeabi_uldivmod.o)
                                                  build/stm32f4xx_hal_rcc.o
__atexit                                          c:/users/lazab/appdata/roaming/code/user/globalstorage/bmd.stm32-for-vscode/@xpack-dev-tools/arm-none-eabi-gcc/11.3.1-1.1.2/.content/bin/../lib/gcc/arm-none-eabi/11.3.1/../../../../arm-none-eabi/lib/thumb/v7e-m+fp/hard\libc_nano.a(libc_a-__call_atexit.o)
                                                  c:/users/lazab/appdata/roaming/code/user/globalstorage/bmd.stm32-for-vscode/@xpack-dev-tools/arm-none-eabi-gcc/11.3.1-1.1.2/.content/bin/../lib/gcc/arm-none-eabi/11.3.1/../../../../arm-none-eabi/lib/thumb/v7e-m+fp/hard\libc_nano.a(libc_a-__atexit.o)
__atexit0                                         c:/users/lazab/appdata/roaming/code/user/globalstorage/bmd.stm32-for-vscode/@xpack-dev-tools/arm-none-eabi-gcc/11.3.1-1.1.2/.content/bin/../lib/gcc/arm-none-eabi/11.3.1/../../../../arm-none-eabi/lib/thumb/v7e-m+fp/hard\libc_nano.a(libc_a-__atexit.o)
__atexit_dummy                                    c:/users/lazab/appdata/roaming/code/user/globalstorage/bmd.stm32-for-vscode/@xpack-dev-tools/arm-none-eabi-gcc/11.3.1-1.1.2/.content/bin/../lib/gcc/arm-none-eabi/11.3.1/../../../../arm-none-eabi/lib/thumb/v7e-m+fp/hard\libc_nano.a(libc_a-__atexit.o)
__atexit_recursive_mutex                          c:/users/lazab/appdata/roaming/code/user/globalstorage/bmd.stm32-for-vscode/@xpack-dev-tools/arm-none-eabi-gcc/11.3.1-1.1.2/.content/bin/../lib/gcc/arm-none-eabi/11.3.1/../../../../arm-none-eabi/lib/thumb/v7e-m+fp/hard\libc_nano.a(libc_a-__call_atexit.o)
                                                  c:/users/lazab/appdata/roaming/code/user/globalstorage/bmd.stm32-for-vscode/@xpack-dev-tools/arm-none-eabi-gcc/11.3.1-1.1.2/.content/bin/../lib/gcc/arm-none-eabi/11.3.1/../../../../arm-none-eabi/lib/thumb/v7e-m+fp/hard\libc_nano.a(libc_a-__atexit.o)
__bss_end__                                       c:/users/lazab/appdata/roaming/code/user/globalstorage/bmd.stm32-for-vscode/@xpack-dev-tools/arm-none-eabi-gcc/11.3.1-1.1.2/.content/bin/../lib/gcc/arm-none-eabi/11.3.1/../../../../arm-none-eabi/lib/thumb/v7e-m+fp/hard/crt0.o
__bss_start__                                     c:/users/lazab/appdata/roaming/code/user/globalstorage/bmd.stm32-for-vscode/@xpack-dev-tools/arm-none-eabi-gcc/11.3.1-1.1.2/.content/bin/../lib/gcc/arm-none-eabi/11.3.1/../../../../arm-none-eabi/lib/thumb/v7e-m+fp/hard/crt0.o
__call_exitprocs                                  c:/users/lazab/appdata/roaming/code/user/globalstorage/bmd.stm32-for-vscode/@xpack-dev-tools/arm-none-eabi-gcc/11.3.1-1.1.2/.content/bin/../lib/gcc/arm-none-eabi/11.3.1/../../../../arm-none-eabi/lib/thumb/v7e-m+fp/hard\libc_nano.a(libc_a-__call_atexit.o)
                                                  c:/users/lazab/appdata/roaming/code/user/globalstorage/bmd.stm32-for-vscode/@xpack-dev-tools/arm-none-eabi-gcc/11.3.1-1.1.2/.content/bin/../lib/gcc/arm-none-eabi/11.3.1/../../../../arm-none-eabi/lib/thumb/v7e-m+fp/hard\libc_nano.a(libc_a-__atexit.o)
                                                  c:/users/lazab/appdata/roaming/code/user/globalstorage/bmd.stm32-for-vscode/@xpack-dev-tools/arm-none-eabi-gcc/11.3.1-1.1.2/.content/bin/../lib/gcc/arm-none-eabi/11.3.1/../../../../arm-none-eabi/lib/thumb/v7e-m+fp/hard\libc_nano.a(libc_a-exit.o)
__deregister_frame_info                           c:/users/lazab/appdata/roaming/code/user/globalstorage/bmd.stm32-for-vscode/@xpack-dev-tools/arm-none-eabi-gcc/11.3.1-1.1.2/.content/bin/../lib/gcc/arm-none-eabi/11.3.1/thumb/v7e-m+fp/hard/crtbegin.o
__dso_handle                                      c:/users/lazab/appdata/roaming/code/user/globalstorage/bmd.stm32-for-vscode/@xpack-dev-tools/arm-none-eabi-gcc/11.3.1-1.1.2/.content/bin/../lib/gcc/arm-none-eabi/11.3.1/thumb/v7e-m+fp/hard/crtbegin.o
__fini_array_end                                  c:/users/lazab/appdata/roaming/code/user/globalstorage/bmd.stm32-for-vscode/@xpack-dev-tools/arm-none-eabi-gcc/11.3.1-1.1.2/.content/bin/../lib/gcc/arm-none-eabi/11.3.1/../../../../arm-none-eabi/lib/thumb/v7e-m+fp/hard\libc_nano.a(libc_a-fini.o)
__fini_array_start                                c:/users/lazab/appdata/roaming/code/user/globalstorage/bmd.stm32-for-vscode/@xpack-dev-tools/arm-none-eabi-gcc/11.3.1-1.1.2/.content/bin/../lib/gcc/arm-none-eabi/11.3.1/../../../../arm-none-eabi/lib/thumb/v7e-m+fp/hard\libc_nano.a(libc_a-fini.o)
__fp_lock_all                                     c:/users/lazab/appdata/roaming/code/user/globalstorage/bmd.stm32-for-vscode/@xpack-dev-tools/arm-none-eabi-gcc/11.3.1-1.1.2/.content/bin/../lib/gcc/arm-none-eabi/11.3.1/../../../../arm-none-eabi/lib/thumb/v7e-m+fp/hard\libc_nano.a(libc_a-findfp.o)
__fp_unlock_all                                   c:/users/lazab/appdata/roaming/code/user/globalstorage/bmd.stm32-for-vscode/@xpack-dev-tools/arm-none-eabi-gcc/11.3.1-1.1.2/.content/bin/../lib/gcc/arm-none-eabi/11.3.1/../../../../arm-none-eabi/lib/thumb/v7e-m+fp/hard\libc_nano.a(libc_a-findfp.o)
__init_array_end                                  c:/users/lazab/appdata/roaming/code/user/globalstorage/bmd.stm32-for-vscode/@xpack-dev-tools/arm-none-eabi-gcc/11.3.1-1.1.2/.content/bin/../lib/gcc/arm-none-eabi/11.3.1/../../../../arm-none-eabi/lib/thumb/v7e-m+fp/hard\libc_nano.a(libc_a-init.o)
__init_array_start                                c:/users/lazab/appdata/roaming/code/user/globalstorage/bmd.stm32-for-vscode/@xpack-dev-tools/arm-none-eabi-gcc/11.3.1-1.1.2/.content/bin/../lib/gcc/arm-none-eabi/11.3.1/../../../../arm-none-eabi/lib/thumb/v7e-m+fp/hard\libc_nano.a(libc_a-init.o)
__libc_fini_array                                 c:/users/lazab/appdata/roaming/code/user/globalstorage/bmd.stm32-for-vscode/@xpack-dev-tools/arm-none-eabi-gcc/11.3.1-1.1.2/.content/bin/../lib/gcc/arm-none-eabi/11.3.1/../../../../arm-none-eabi/lib/thumb/v7e-m+fp/hard\libc_nano.a(libc_a-fini.o)
                                                  c:/users/lazab/appdata/roaming/code/user/globalstorage/bmd.stm32-for-vscode/@xpack-dev-tools/arm-none-eabi-gcc/11.3.1-1.1.2/.content/bin/../lib/gcc/arm-none-eabi/11.3.1/../../../../arm-none-eabi/lib/thumb/v7e-m+fp/hard/crt0.o
__libc_init_array                                 c:/users/lazab/appdata/roaming/code/user/globalstorage/bmd.stm32-for-vscode/@xpack-dev-tools/arm-none-eabi-gcc/11.3.1-1.1.2/.content/bin/../lib/gcc/arm-none-eabi/11.3.1/../../../../arm-none-eabi/lib/thumb/v7e-m+fp/hard\libc_nano.a(libc_a-init.o)
                                                  build/startup_stm32f401xc.o
                                                  c:/users/lazab/appdata/roaming/code/user/globalstorage/bmd.stm32-for-vscode/@xpack-dev-tools/arm-none-eabi-gcc/11.3.1-1.1.2/.content/bin/../lib/gcc/arm-none-eabi/11.3.1/../../../../arm-none-eabi/lib/thumb/v7e-m+fp/hard/crt0.o
__lock___arc4random_mutex                         c:/users/lazab/appdata/roaming/code/user/globalstorage/bmd.stm32-for-vscode/@xpack-dev-tools/arm-none-eabi-gcc/11.3.1-1.1.2/.content/bin/../lib/gcc/arm-none-eabi/11.3.1/../../../../arm-none-eabi/lib/thumb/v7e-m+fp/hard\libc_nano.a(libc_a-lock.o)
__lock___at_quick_exit_mutex                      c:/users/lazab/appdata/roaming/code/user/globalstorage/bmd.stm32-for-vscode/@xpack-dev-tools/arm-none-eabi-gcc/11.3.1-1.1.2/.content/bin/../lib/gcc/arm-none-eabi/11.3.1/../../../../arm-none-eabi/lib/thumb/v7e-m+fp/hard\libc_nano.a(libc_a-lock.o)
__lock___atexit_recursive_mutex                   c:/users/lazab/appdata/roaming/code/user/globalstorage/bmd.stm32-for-vscode/@xpack-dev-tools/arm-none-eabi-gcc/11.3.1-1.1.2/.content/bin/../lib/gcc/arm-none-eabi/11.3.1/../../../../arm-none-eabi/lib/thumb/v7e-m+fp/hard\libc_nano.a(libc_a-lock.o)
                                                  c:/users/lazab/appdata/roaming/code/user/globalstorage/bmd.stm32-for-vscode/@xpack-dev-tools/arm-none-eabi-gcc/11.3.1-1.1.2/.content/bin/../lib/gcc/arm-none-eabi/11.3.1/../../../../arm-none-eabi/lib/thumb/v7e-m+fp/hard\libc_nano.a(libc_a-__call_atexit.o)
__lock___dd_hash_mutex                            c:/users/lazab/appdata/roaming/code/user/globalstorage/bmd.stm32-for-vscode/@xpack-dev-tools/arm-none-eabi-gcc/11.3.1-1.1.2/.content/bin/../lib/gcc/arm-none-eabi/11.3.1/../../../../arm-none-eabi/lib/thumb/v7e-m+fp/hard\libc_nano.a(libc_a-lock.o)
__lock___env_recursive_mutex                      c:/users/lazab/appdata/roaming/code/user/globalstorage/bmd.stm32-for-vscode/@xpack-dev-tools/arm-none-eabi-gcc/11.3.1-1.1.2/.content/bin/../lib/gcc/arm-none-eabi/11.3.1/../../../../arm-none-eabi/lib/thumb/v7e-m+fp/hard\libc_nano.a(libc_a-lock.o)
__lock___malloc_recursive_mutex                   c:/users/lazab/appdata/roaming/code/user/globalstorage/bmd.stm32-for-vscode/@xpack-dev-tools/arm-none-eabi-gcc/11.3.1-1.1.2/.content/bin/../lib/gcc/arm-none-eabi/11.3.1/../../../../arm-none-eabi/lib/thumb/v7e-m+fp/hard\libc_nano.a(libc_a-lock.o)
                                                  c:/users/lazab/appdata/roaming/code/user/globalstorage/bmd.stm32-for-vscode/@xpack-dev-tools/arm-none-eabi-gcc/11.3.1-1.1.2/.content/bin/../lib/gcc/arm-none-eabi/11.3.1/../../../../arm-none-eabi/lib/thumb/v7e-m+fp/hard\libc_nano.a(libc_a-mlock.o)
__lock___sfp_recursive_mutex                      c:/users/lazab/appdata/roaming/code/user/globalstorage/bmd.stm32-for-vscode/@xpack-dev-tools/arm-none-eabi-gcc/11.3.1-1.1.2/.content/bin/../lib/gcc/arm-none-eabi/11.3.1/../../../../arm-none-eabi/lib/thumb/v7e-m+fp/hard\libc_nano.a(libc_a-lock.o)
                                                  c:/users/lazab/appdata/roaming/code/user/globalstorage/bmd.stm32-for-vscode/@xpack-dev-tools/arm-none-eabi-gcc/11.3.1-1.1.2/.content/bin/../lib/gcc/arm-none-eabi/11.3.1/../../../../arm-none-eabi/lib/thumb/v7e-m+fp/hard\libc_nano.a(libc_a-findfp.o)
__lock___tz_mutex                                 c:/users/lazab/appdata/roaming/code/user/globalstorage/bmd.stm32-for-vscode/@xpack-dev-tools/arm-none-eabi-gcc/11.3.1-1.1.2/.content/bin/../lib/gcc/arm-none-eabi/11.3.1/../../../../arm-none-eabi/lib/thumb/v7e-m+fp/hard\libc_nano.a(libc_a-lock.o)
__malloc_free_list                                c:/users/lazab/appdata/roaming/code/user/globalstorage/bmd.stm32-for-vscode/@xpack-dev-tools/arm-none-eabi-gcc/11.3.1-1.1.2/.content/bin/../lib/gcc/arm-none-eabi/11.3.1/../../../../arm-none-eabi/lib/thumb/v7e-m+fp/hard\libc_nano.a(libc_a-mallocr.o)
                                                  c:/users/lazab/appdata/roaming/code/user/globalstorage/bmd.stm32-for-vscode/@xpack-dev-tools/arm-none-eabi-gcc/11.3.1-1.1.2/.content/bin/../lib/gcc/arm-none-eabi/11.3.1/../../../../arm-none-eabi/lib/thumb/v7e-m+fp/hard\libc_nano.a(libc_a-freer.o)
__malloc_lock                                     c:/users/lazab/appdata/roaming/code/user/globalstorage/bmd.stm32-for-vscode/@xpack-dev-tools/arm-none-eabi-gcc/11.3.1-1.1.2/.content/bin/../lib/gcc/arm-none-eabi/11.3.1/../../../../arm-none-eabi/lib/thumb/v7e-m+fp/hard\libc_nano.a(libc_a-mlock.o)
                                                  c:/users/lazab/appdata/roaming/code/user/globalstorage/bmd.stm32-for-vscode/@xpack-dev-tools/arm-none-eabi-gcc/11.3.1-1.1.2/.content/bin/../lib/gcc/arm-none-eabi/11.3.1/../../../../arm-none-eabi/lib/thumb/v7e-m+fp/hard\libc_nano.a(libc_a-mallocr.o)
                                                  c:/users/lazab/appdata/roaming/code/user/globalstorage/bmd.stm32-for-vscode/@xpack-dev-tools/arm-none-eabi-gcc/11.3.1-1.1.2/.content/bin/../lib/gcc/arm-none-eabi/11.3.1/../../../../arm-none-eabi/lib/thumb/v7e-m+fp/hard\libc_nano.a(libc_a-freer.o)
__malloc_sbrk_start                               c:/users/lazab/appdata/roaming/code/user/globalstorage/bmd.stm32-for-vscode/@xpack-dev-tools/arm-none-eabi-gcc/11.3.1-1.1.2/.content/bin/../lib/gcc/arm-none-eabi/11.3.1/../../../../arm-none-eabi/lib/thumb/v7e-m+fp/hard\libc_nano.a(libc_a-mallocr.o)
__malloc_unlock                                   c:/users/lazab/appdata/roaming/code/user/globalstorage/bmd.stm32-for-vscode/@xpack-dev-tools/arm-none-eabi-gcc/11.3.1-1.1.2/.content/bin/../lib/gcc/arm-none-eabi/11.3.1/../../../../arm-none-eabi/lib/thumb/v7e-m+fp/hard\libc_nano.a(libc_a-mlock.o)
                                                  c:/users/lazab/appdata/roaming/code/user/globalstorage/bmd.stm32-for-vscode/@xpack-dev-tools/arm-none-eabi-gcc/11.3.1-1.1.2/.content/bin/../lib/gcc/arm-none-eabi/11.3.1/../../../../arm-none-eabi/lib/thumb/v7e-m+fp/hard\libc_nano.a(libc_a-mallocr.o)
                                                  c:/users/lazab/appdata/roaming/code/user/globalstorage/bmd.stm32-for-vscode/@xpack-dev-tools/arm-none-eabi-gcc/11.3.1-1.1.2/.content/bin/../lib/gcc/arm-none-eabi/11.3.1/../../../../arm-none-eabi/lib/thumb/v7e-m+fp/hard\libc_nano.a(libc_a-freer.o)
__on_exit_args                                    c:/users/lazab/appdata/roaming/code/user/globalstorage/bmd.stm32-for-vscode/@xpack-dev-tools/arm-none-eabi-gcc/11.3.1-1.1.2/.content/bin/../lib/gcc/arm-none-eabi/11.3.1/../../../../arm-none-eabi/lib/thumb/v7e-m+fp/hard\libc_nano.a(libc_a-__atexit.o)
__preinit_array_end                               c:/users/lazab/appdata/roaming/code/user/globalstorage/bmd.stm32-for-vscode/@xpack-dev-tools/arm-none-eabi-gcc/11.3.1-1.1.2/.content/bin/../lib/gcc/arm-none-eabi/11.3.1/../../../../arm-none-eabi/lib/thumb/v7e-m+fp/hard\libc_nano.a(libc_a-init.o)
__preinit_array_start                             c:/users/lazab/appdata/roaming/code/user/globalstorage/bmd.stm32-for-vscode/@xpack-dev-tools/arm-none-eabi-gcc/11.3.1-1.1.2/.content/bin/../lib/gcc/arm-none-eabi/11.3.1/../../../../arm-none-eabi/lib/thumb/v7e-m+fp/hard\libc_nano.a(libc_a-init.o)
__register_exitproc                               c:/users/lazab/appdata/roaming/code/user/globalstorage/bmd.stm32-for-vscode/@xpack-dev-tools/arm-none-eabi-gcc/11.3.1-1.1.2/.content/bin/../lib/gcc/arm-none-eabi/11.3.1/../../../../arm-none-eabi/lib/thumb/v7e-m+fp/hard\libc_nano.a(libc_a-__atexit.o)
                                                  c:/users/lazab/appdata/roaming/code/user/globalstorage/bmd.stm32-for-vscode/@xpack-dev-tools/arm-none-eabi-gcc/11.3.1-1.1.2/.content/bin/../lib/gcc/arm-none-eabi/11.3.1/../../../../arm-none-eabi/lib/thumb/v7e-m+fp/hard\libc_nano.a(libc_a-atexit.o)
__register_frame_info                             c:/users/lazab/appdata/roaming/code/user/globalstorage/bmd.stm32-for-vscode/@xpack-dev-tools/arm-none-eabi-gcc/11.3.1-1.1.2/.content/bin/../lib/gcc/arm-none-eabi/11.3.1/thumb/v7e-m+fp/hard/crtbegin.o
__retarget_lock_acquire                           c:/users/lazab/appdata/roaming/code/user/globalstorage/bmd.stm32-for-vscode/@xpack-dev-tools/arm-none-eabi-gcc/11.3.1-1.1.2/.content/bin/../lib/gcc/arm-none-eabi/11.3.1/../../../../arm-none-eabi/lib/thumb/v7e-m+fp/hard\libc_nano.a(libc_a-lock.o)
__retarget_lock_acquire_recursive                 c:/users/lazab/appdata/roaming/code/user/globalstorage/bmd.stm32-for-vscode/@xpack-dev-tools/arm-none-eabi-gcc/11.3.1-1.1.2/.content/bin/../lib/gcc/arm-none-eabi/11.3.1/../../../../arm-none-eabi/lib/thumb/v7e-m+fp/hard\libc_nano.a(libc_a-lock.o)
                                                  c:/users/lazab/appdata/roaming/code/user/globalstorage/bmd.stm32-for-vscode/@xpack-dev-tools/arm-none-eabi-gcc/11.3.1-1.1.2/.content/bin/../lib/gcc/arm-none-eabi/11.3.1/../../../../arm-none-eabi/lib/thumb/v7e-m+fp/hard\libc_nano.a(libc_a-fflush.o)
                                                  c:/users/lazab/appdata/roaming/code/user/globalstorage/bmd.stm32-for-vscode/@xpack-dev-tools/arm-none-eabi-gcc/11.3.1-1.1.2/.content/bin/../lib/gcc/arm-none-eabi/11.3.1/../../../../arm-none-eabi/lib/thumb/v7e-m+fp/hard\libc_nano.a(libc_a-mlock.o)
                                                  c:/users/lazab/appdata/roaming/code/user/globalstorage/bmd.stm32-for-vscode/@xpack-dev-tools/arm-none-eabi-gcc/11.3.1-1.1.2/.content/bin/../lib/gcc/arm-none-eabi/11.3.1/../../../../arm-none-eabi/lib/thumb/v7e-m+fp/hard\libc_nano.a(libc_a-__call_atexit.o)
                                                  c:/users/lazab/appdata/roaming/code/user/globalstorage/bmd.stm32-for-vscode/@xpack-dev-tools/arm-none-eabi-gcc/11.3.1-1.1.2/.content/bin/../lib/gcc/arm-none-eabi/11.3.1/../../../../arm-none-eabi/lib/thumb/v7e-m+fp/hard\libc_nano.a(libc_a-__atexit.o)
                                                  c:/users/lazab/appdata/roaming/code/user/globalstorage/bmd.stm32-for-vscode/@xpack-dev-tools/arm-none-eabi-gcc/11.3.1-1.1.2/.content/bin/../lib/gcc/arm-none-eabi/11.3.1/../../../../arm-none-eabi/lib/thumb/v7e-m+fp/hard\libc_nano.a(libc_a-findfp.o)
__retarget_lock_close                             c:/users/lazab/appdata/roaming/code/user/globalstorage/bmd.stm32-for-vscode/@xpack-dev-tools/arm-none-eabi-gcc/11.3.1-1.1.2/.content/bin/../lib/gcc/arm-none-eabi/11.3.1/../../../../arm-none-eabi/lib/thumb/v7e-m+fp/hard\libc_nano.a(libc_a-lock.o)
__retarget_lock_close_recursive                   c:/users/lazab/appdata/roaming/code/user/globalstorage/bmd.stm32-for-vscode/@xpack-dev-tools/arm-none-eabi-gcc/11.3.1-1.1.2/.content/bin/../lib/gcc/arm-none-eabi/11.3.1/../../../../arm-none-eabi/lib/thumb/v7e-m+fp/hard\libc_nano.a(libc_a-lock.o)
__retarget_lock_init                              c:/users/lazab/appdata/roaming/code/user/globalstorage/bmd.stm32-for-vscode/@xpack-dev-tools/arm-none-eabi-gcc/11.3.1-1.1.2/.content/bin/../lib/gcc/arm-none-eabi/11.3.1/../../../../arm-none-eabi/lib/thumb/v7e-m+fp/hard\libc_nano.a(libc_a-lock.o)
__retarget_lock_init_recursive                    c:/users/lazab/appdata/roaming/code/user/globalstorage/bmd.stm32-for-vscode/@xpack-dev-tools/arm-none-eabi-gcc/11.3.1-1.1.2/.content/bin/../lib/gcc/arm-none-eabi/11.3.1/../../../../arm-none-eabi/lib/thumb/v7e-m+fp/hard\libc_nano.a(libc_a-lock.o)
                                                  c:/users/lazab/appdata/roaming/code/user/globalstorage/bmd.stm32-for-vscode/@xpack-dev-tools/arm-none-eabi-gcc/11.3.1-1.1.2/.content/bin/../lib/gcc/arm-none-eabi/11.3.1/../../../../arm-none-eabi/lib/thumb/v7e-m+fp/hard\libc_nano.a(libc_a-findfp.o)
__retarget_lock_release                           c:/users/lazab/appdata/roaming/code/user/globalstorage/bmd.stm32-for-vscode/@xpack-dev-tools/arm-none-eabi-gcc/11.3.1-1.1.2/.content/bin/../lib/gcc/arm-none-eabi/11.3.1/../../../../arm-none-eabi/lib/thumb/v7e-m+fp/hard\libc_nano.a(libc_a-lock.o)
__retarget_lock_release_recursive                 c:/users/lazab/appdata/roaming/code/user/globalstorage/bmd.stm32-for-vscode/@xpack-dev-tools/arm-none-eabi-gcc/11.3.1-1.1.2/.content/bin/../lib/gcc/arm-none-eabi/11.3.1/../../../../arm-none-eabi/lib/thumb/v7e-m+fp/hard\libc_nano.a(libc_a-lock.o)
                                                  c:/users/lazab/appdata/roaming/code/user/globalstorage/bmd.stm32-for-vscode/@xpack-dev-tools/arm-none-eabi-gcc/11.3.1-1.1.2/.content/bin/../lib/gcc/arm-none-eabi/11.3.1/../../../../arm-none-eabi/lib/thumb/v7e-m+fp/hard\libc_nano.a(libc_a-fflush.o)
                                                  c:/users/lazab/appdata/roaming/code/user/globalstorage/bmd.stm32-for-vscode/@xpack-dev-tools/arm-none-eabi-gcc/11.3.1-1.1.2/.content/bin/../lib/gcc/arm-none-eabi/11.3.1/../../../../arm-none-eabi/lib/thumb/v7e-m+fp/hard\libc_nano.a(libc_a-mlock.o)
                                                  c:/users/lazab/appdata/roaming/code/user/globalstorage/bmd.stm32-for-vscode/@xpack-dev-tools/arm-none-eabi-gcc/11.3.1-1.1.2/.content/bin/../lib/gcc/arm-none-eabi/11.3.1/../../../../arm-none-eabi/lib/thumb/v7e-m+fp/hard\libc_nano.a(libc_a-__call_atexit.o)